Archive member included to satisfy reference by file (symbol)

c:/program files (x86)/gnu tools arm embedded/5.4 2016q3/bin/../lib/gcc/arm-none-eabi/5.4.1/../../../../arm-none-eabi/lib/armv7e-m\libg.a(lib_a-exit.o)
                              c:/program files (x86)/gnu tools arm embedded/5.4 2016q3/bin/../lib/gcc/arm-none-eabi/5.4.1/../../../../arm-none-eabi/lib/armv7e-m/crt0.o (exit)
c:/program files (x86)/gnu tools arm embedded/5.4 2016q3/bin/../lib/gcc/arm-none-eabi/5.4.1/../../../../arm-none-eabi/lib/armv7e-m\libg.a(lib_a-impure.o)
                              c:/program files (x86)/gnu tools arm embedded/5.4 2016q3/bin/../lib/gcc/arm-none-eabi/5.4.1/../../../../arm-none-eabi/lib/armv7e-m\libg.a(lib_a-exit.o) (_global_impure_ptr)
c:/program files (x86)/gnu tools arm embedded/5.4 2016q3/bin/../lib/gcc/arm-none-eabi/5.4.1/../../../../arm-none-eabi/lib/armv7e-m\libg.a(lib_a-init.o)
                              c:/program files (x86)/gnu tools arm embedded/5.4 2016q3/bin/../lib/gcc/arm-none-eabi/5.4.1/../../../../arm-none-eabi/lib/armv7e-m/crt0.o (__libc_init_array)
c:/program files (x86)/gnu tools arm embedded/5.4 2016q3/bin/../lib/gcc/arm-none-eabi/5.4.1/../../../../arm-none-eabi/lib/armv7e-m\libg.a(lib_a-memset.o)
                              c:/program files (x86)/gnu tools arm embedded/5.4 2016q3/bin/../lib/gcc/arm-none-eabi/5.4.1/../../../../arm-none-eabi/lib/armv7e-m/crt0.o (memset)
c:/program files (x86)/gnu tools arm embedded/5.4 2016q3/bin/../lib/gcc/arm-none-eabi/5.4.1/../../../../arm-none-eabi/lib/armv7e-m\libg.a(lib_a-__call_atexit.o)
                              c:/program files (x86)/gnu tools arm embedded/5.4 2016q3/bin/../lib/gcc/arm-none-eabi/5.4.1/../../../../arm-none-eabi/lib/armv7e-m\libg.a(lib_a-exit.o) (__call_exitprocs)
c:/program files (x86)/gnu tools arm embedded/5.4 2016q3/bin/../lib/gcc/arm-none-eabi/5.4.1/../../../../arm-none-eabi/lib/armv7e-m\libg.a(lib_a-atexit.o)
                              c:/program files (x86)/gnu tools arm embedded/5.4 2016q3/bin/../lib/gcc/arm-none-eabi/5.4.1/../../../../arm-none-eabi/lib/armv7e-m\libg.a(lib_a-__call_atexit.o) (atexit)
c:/program files (x86)/gnu tools arm embedded/5.4 2016q3/bin/../lib/gcc/arm-none-eabi/5.4.1/../../../../arm-none-eabi/lib/armv7e-m\libg.a(lib_a-fini.o)
                              c:/program files (x86)/gnu tools arm embedded/5.4 2016q3/bin/../lib/gcc/arm-none-eabi/5.4.1/../../../../arm-none-eabi/lib/armv7e-m\libg.a(lib_a-__call_atexit.o) (__libc_fini_array)
c:/program files (x86)/gnu tools arm embedded/5.4 2016q3/bin/../lib/gcc/arm-none-eabi/5.4.1/../../../../arm-none-eabi/lib/armv7e-m\libg.a(lib_a-__atexit.o)
                              c:/program files (x86)/gnu tools arm embedded/5.4 2016q3/bin/../lib/gcc/arm-none-eabi/5.4.1/../../../../arm-none-eabi/lib/armv7e-m\libg.a(lib_a-atexit.o) (__register_exitproc)

Allocating common symbols
Common symbol       size              file

pFlash              0x1c              ..\obj\stm32f4xx_hal_flash.o

Discarded input sections

 .text          0x00000000        0x0 c:/program files (x86)/gnu tools arm embedded/5.4 2016q3/bin/../lib/gcc/arm-none-eabi/5.4.1/armv7e-m/crti.o
 .data          0x00000000        0x0 c:/program files (x86)/gnu tools arm embedded/5.4 2016q3/bin/../lib/gcc/arm-none-eabi/5.4.1/armv7e-m/crti.o
 .bss           0x00000000        0x0 c:/program files (x86)/gnu tools arm embedded/5.4 2016q3/bin/../lib/gcc/arm-none-eabi/5.4.1/armv7e-m/crti.o
 .data          0x00000000        0x4 c:/program files (x86)/gnu tools arm embedded/5.4 2016q3/bin/../lib/gcc/arm-none-eabi/5.4.1/armv7e-m/crtbegin.o
 .text          0x00000000       0x74 c:/program files (x86)/gnu tools arm embedded/5.4 2016q3/bin/../lib/gcc/arm-none-eabi/5.4.1/../../../../arm-none-eabi/lib/armv7e-m/crt0.o
 .data          0x00000000        0x0 c:/program files (x86)/gnu tools arm embedded/5.4 2016q3/bin/../lib/gcc/arm-none-eabi/5.4.1/../../../../arm-none-eabi/lib/armv7e-m/crt0.o
 .bss           0x00000000        0x0 c:/program files (x86)/gnu tools arm embedded/5.4 2016q3/bin/../lib/gcc/arm-none-eabi/5.4.1/../../../../arm-none-eabi/lib/armv7e-m/crt0.o
 .ARM.extab     0x00000000        0x0 c:/program files (x86)/gnu tools arm embedded/5.4 2016q3/bin/../lib/gcc/arm-none-eabi/5.4.1/../../../../arm-none-eabi/lib/armv7e-m/crt0.o
 .ARM.exidx     0x00000000        0x8 c:/program files (x86)/gnu tools arm embedded/5.4 2016q3/bin/../lib/gcc/arm-none-eabi/5.4.1/../../../../arm-none-eabi/lib/armv7e-m/crt0.o
 .ARM.attributes
                0x00000000       0x1c c:/program files (x86)/gnu tools arm embedded/5.4 2016q3/bin/../lib/gcc/arm-none-eabi/5.4.1/../../../../arm-none-eabi/lib/armv7e-m/crt0.o
 .text          0x00000000     0x2164 ..\obj\stm32f4xx_ll_usb.o
 .data          0x00000000        0x0 ..\obj\stm32f4xx_ll_usb.o
 .bss           0x00000000        0x4 ..\obj\stm32f4xx_ll_usb.o
 .debug_info    0x00000000     0x13c7 ..\obj\stm32f4xx_ll_usb.o
 .debug_abbrev  0x00000000      0x213 ..\obj\stm32f4xx_ll_usb.o
 .debug_aranges
                0x00000000       0x20 ..\obj\stm32f4xx_ll_usb.o
 .debug_line    0x00000000      0x618 ..\obj\stm32f4xx_ll_usb.o
 .debug_str     0x00000000      0xb35 ..\obj\stm32f4xx_ll_usb.o
 .comment       0x00000000       0x6f ..\obj\stm32f4xx_ll_usb.o
 .debug_frame   0x00000000      0x718 ..\obj\stm32f4xx_ll_usb.o
 .ARM.attributes
                0x00000000       0x33 ..\obj\stm32f4xx_ll_usb.o
 .text          0x00000000      0x29c ..\obj\stm32f4xx_hal.o
 .data          0x00000000        0x0 ..\obj\stm32f4xx_hal.o
 .bss           0x00000000        0x4 ..\obj\stm32f4xx_hal.o
 .debug_info    0x00000000      0x7bf ..\obj\stm32f4xx_hal.o
 .debug_abbrev  0x00000000      0x186 ..\obj\stm32f4xx_hal.o
 .debug_aranges
                0x00000000       0x20 ..\obj\stm32f4xx_hal.o
 .debug_line    0x00000000      0x276 ..\obj\stm32f4xx_hal.o
 .debug_str     0x00000000      0x9dc ..\obj\stm32f4xx_hal.o
 .comment       0x00000000       0x6f ..\obj\stm32f4xx_hal.o
 .debug_frame   0x00000000      0x2b0 ..\obj\stm32f4xx_hal.o
 .ARM.attributes
                0x00000000       0x33 ..\obj\stm32f4xx_hal.o
 .text          0x00000000      0x570 ..\obj\stm32f4xx_hal_sram.o
 .data          0x00000000        0x0 ..\obj\stm32f4xx_hal_sram.o
 .bss           0x00000000        0x0 ..\obj\stm32f4xx_hal_sram.o
 .debug_info    0x00000000      0xa19 ..\obj\stm32f4xx_hal_sram.o
 .debug_abbrev  0x00000000      0x195 ..\obj\stm32f4xx_hal_sram.o
 .debug_aranges
                0x00000000       0x20 ..\obj\stm32f4xx_hal_sram.o
 .debug_line    0x00000000      0x489 ..\obj\stm32f4xx_hal_sram.o
 .debug_str     0x00000000      0x85c ..\obj\stm32f4xx_hal_sram.o
 .comment       0x00000000       0x6f ..\obj\stm32f4xx_hal_sram.o
 .debug_frame   0x00000000      0x2a0 ..\obj\stm32f4xx_hal_sram.o
 .ARM.attributes
                0x00000000       0x33 ..\obj\stm32f4xx_hal_sram.o
 .text          0x00000000      0x580 ..\obj\stm32f4xx_hal_flash_ex.o
 .data          0x00000000        0x0 ..\obj\stm32f4xx_hal_flash_ex.o
 .bss           0x00000000        0x0 ..\obj\stm32f4xx_hal_flash_ex.o
 .debug_info    0x00000000      0x76a ..\obj\stm32f4xx_hal_flash_ex.o
 .debug_abbrev  0x00000000      0x250 ..\obj\stm32f4xx_hal_flash_ex.o
 .debug_aranges
                0x00000000       0x20 ..\obj\stm32f4xx_hal_flash_ex.o
 .debug_line    0x00000000      0x364 ..\obj\stm32f4xx_hal_flash_ex.o
 .debug_str     0x00000000      0x5e3 ..\obj\stm32f4xx_hal_flash_ex.o
 .comment       0x00000000       0x6f ..\obj\stm32f4xx_hal_flash_ex.o
 .debug_frame   0x00000000      0x230 ..\obj\stm32f4xx_hal_flash_ex.o
 .ARM.attributes
                0x00000000       0x33 ..\obj\stm32f4xx_hal_flash_ex.o
 .text          0x00000000     0x31fc ..\obj\stm32f4xx_hal_i2c.o
 .data          0x00000000        0x0 ..\obj\stm32f4xx_hal_i2c.o
 .bss           0x00000000        0x0 ..\obj\stm32f4xx_hal_i2c.o
 .debug_info    0x00000000     0x1566 ..\obj\stm32f4xx_hal_i2c.o
 .debug_abbrev  0x00000000      0x1d6 ..\obj\stm32f4xx_hal_i2c.o
 .debug_aranges
                0x00000000       0x20 ..\obj\stm32f4xx_hal_i2c.o
 .debug_line    0x00000000      0xbef ..\obj\stm32f4xx_hal_i2c.o
 .debug_str     0x00000000      0xc8d ..\obj\stm32f4xx_hal_i2c.o
 .comment       0x00000000       0x6f ..\obj\stm32f4xx_hal_i2c.o
 .debug_frame   0x00000000      0x8a4 ..\obj\stm32f4xx_hal_i2c.o
 .ARM.attributes
                0x00000000       0x33 ..\obj\stm32f4xx_hal_i2c.o
 .text          0x00000000        0x0 ..\obj\stm32f4xx_hal_ltdc.o
 .data          0x00000000        0x0 ..\obj\stm32f4xx_hal_ltdc.o
 .bss           0x00000000        0x0 ..\obj\stm32f4xx_hal_ltdc.o
 .debug_info    0x00000000       0x8e ..\obj\stm32f4xx_hal_ltdc.o
 .debug_abbrev  0x00000000       0x49 ..\obj\stm32f4xx_hal_ltdc.o
 .debug_aranges
                0x00000000       0x18 ..\obj\stm32f4xx_hal_ltdc.o
 .debug_line    0x00000000      0x152 ..\obj\stm32f4xx_hal_ltdc.o
 .debug_str     0x00000000      0x18a ..\obj\stm32f4xx_hal_ltdc.o
 .comment       0x00000000       0x6f ..\obj\stm32f4xx_hal_ltdc.o
 .ARM.attributes
                0x00000000       0x33 ..\obj\stm32f4xx_hal_ltdc.o
 .text          0x00000000        0x0 ..\obj\stm32f4xx_hal_cryp_ex.o
 .data          0x00000000        0x0 ..\obj\stm32f4xx_hal_cryp_ex.o
 .bss           0x00000000        0x0 ..\obj\stm32f4xx_hal_cryp_ex.o
 .debug_info    0x00000000       0x8e ..\obj\stm32f4xx_hal_cryp_ex.o
 .debug_abbrev  0x00000000       0x49 ..\obj\stm32f4xx_hal_cryp_ex.o
 .debug_aranges
                0x00000000       0x18 ..\obj\stm32f4xx_hal_cryp_ex.o
 .debug_line    0x00000000      0x152 ..\obj\stm32f4xx_hal_cryp_ex.o
 .debug_str     0x00000000      0x18d ..\obj\stm32f4xx_hal_cryp_ex.o
 .comment       0x00000000       0x6f ..\obj\stm32f4xx_hal_cryp_ex.o
 .ARM.attributes
                0x00000000       0x33 ..\obj\stm32f4xx_hal_cryp_ex.o
 .text          0x00000000       0x30 ..\obj\stm32f4xx_hal_msp_template.o
 .data          0x00000000        0x0 ..\obj\stm32f4xx_hal_msp_template.o
 .bss           0x00000000        0x0 ..\obj\stm32f4xx_hal_msp_template.o
 .debug_info    0x00000000       0xda ..\obj\stm32f4xx_hal_msp_template.o
 .debug_abbrev  0x00000000       0x65 ..\obj\stm32f4xx_hal_msp_template.o
 .debug_aranges
                0x00000000       0x20 ..\obj\stm32f4xx_hal_msp_template.o
 .debug_line    0x00000000      0x1e9 ..\obj\stm32f4xx_hal_msp_template.o
 .debug_str     0x00000000      0x1ce ..\obj\stm32f4xx_hal_msp_template.o
 .comment       0x00000000       0x6f ..\obj\stm32f4xx_hal_msp_template.o
 .debug_frame   0x00000000       0x90 ..\obj\stm32f4xx_hal_msp_template.o
 .ARM.attributes
                0x00000000       0x33 ..\obj\stm32f4xx_hal_msp_template.o
 .data          0x00000000        0x0 ..\obj\stm32f4xx_hal_gpio.o
 .bss           0x00000000        0x0 ..\obj\stm32f4xx_hal_gpio.o
 .text          0x00000000      0x600 ..\obj\stm32f4xx_hal_dac.o
 .data          0x00000000        0x0 ..\obj\stm32f4xx_hal_dac.o
 .bss           0x00000000        0x0 ..\obj\stm32f4xx_hal_dac.o
 .debug_info    0x00000000      0x966 ..\obj\stm32f4xx_hal_dac.o
 .debug_abbrev  0x00000000      0x1c4 ..\obj\stm32f4xx_hal_dac.o
 .debug_aranges
                0x00000000       0x20 ..\obj\stm32f4xx_hal_dac.o
 .debug_line    0x00000000      0x379 ..\obj\stm32f4xx_hal_dac.o
 .debug_str     0x00000000      0x78c ..\obj\stm32f4xx_hal_dac.o
 .comment       0x00000000       0x6f ..\obj\stm32f4xx_hal_dac.o
 .debug_frame   0x00000000      0x338 ..\obj\stm32f4xx_hal_dac.o
 .ARM.attributes
                0x00000000       0x33 ..\obj\stm32f4xx_hal_dac.o
 .text          0x00000000      0x5ec ..\obj\stm32f4xx_hal_flash.o
 .data          0x00000000        0x0 ..\obj\stm32f4xx_hal_flash.o
 .bss           0x00000000        0x0 ..\obj\stm32f4xx_hal_flash.o
 .debug_info    0x00000000      0x588 ..\obj\stm32f4xx_hal_flash.o
 .debug_abbrev  0x00000000      0x1dd ..\obj\stm32f4xx_hal_flash.o
 .debug_aranges
                0x00000000       0x20 ..\obj\stm32f4xx_hal_flash.o
 .debug_line    0x00000000      0x320 ..\obj\stm32f4xx_hal_flash.o
 .debug_str     0x00000000      0x55e ..\obj\stm32f4xx_hal_flash.o
 .comment       0x00000000       0x6f ..\obj\stm32f4xx_hal_flash.o
 .debug_frame   0x00000000      0x26c ..\obj\stm32f4xx_hal_flash.o
 .ARM.attributes
                0x00000000       0x33 ..\obj\stm32f4xx_hal_flash.o
 COMMON         0x00000000       0x1c ..\obj\stm32f4xx_hal_flash.o
 .text          0x00000000      0x210 ..\obj\stm32f4xx_hal_dma_ex.o
 .data          0x00000000        0x0 ..\obj\stm32f4xx_hal_dma_ex.o
 .bss           0x00000000        0x0 ..\obj\stm32f4xx_hal_dma_ex.o
 .debug_info    0x00000000      0x49b ..\obj\stm32f4xx_hal_dma_ex.o
 .debug_abbrev  0x00000000      0x156 ..\obj\stm32f4xx_hal_dma_ex.o
 .debug_aranges
                0x00000000       0x20 ..\obj\stm32f4xx_hal_dma_ex.o
 .debug_line    0x00000000      0x28a ..\obj\stm32f4xx_hal_dma_ex.o
 .debug_str     0x00000000      0x53c ..\obj\stm32f4xx_hal_dma_ex.o
 .comment       0x00000000       0x6f ..\obj\stm32f4xx_hal_dma_ex.o
 .debug_frame   0x00000000       0xa8 ..\obj\stm32f4xx_hal_dma_ex.o
 .ARM.attributes
                0x00000000       0x33 ..\obj\stm32f4xx_hal_dma_ex.o
 .text          0x00000000       0xb8 ..\obj\stm32f4xx_hal_pcd_ex.o
 .data          0x00000000        0x0 ..\obj\stm32f4xx_hal_pcd_ex.o
 .bss           0x00000000        0x0 ..\obj\stm32f4xx_hal_pcd_ex.o
 .debug_info    0x00000000      0x543 ..\obj\stm32f4xx_hal_pcd_ex.o
 .debug_abbrev  0x00000000      0x15e ..\obj\stm32f4xx_hal_pcd_ex.o
 .debug_aranges
                0x00000000       0x20 ..\obj\stm32f4xx_hal_pcd_ex.o
 .debug_line    0x00000000      0x252 ..\obj\stm32f4xx_hal_pcd_ex.o
 .debug_str     0x00000000      0x522 ..\obj\stm32f4xx_hal_pcd_ex.o
 .comment       0x00000000       0x6f ..\obj\stm32f4xx_hal_pcd_ex.o
 .debug_frame   0x00000000       0x60 ..\obj\stm32f4xx_hal_pcd_ex.o
 .ARM.attributes
                0x00000000       0x33 ..\obj\stm32f4xx_hal_pcd_ex.o
 .text          0x00000000      0xd2c ..\obj\stm32f4xx_hal_adc.o
 .data          0x00000000        0x0 ..\obj\stm32f4xx_hal_adc.o
 .bss           0x00000000        0x0 ..\obj\stm32f4xx_hal_adc.o
 .debug_info    0x00000000      0xc35 ..\obj\stm32f4xx_hal_adc.o
 .debug_abbrev  0x00000000      0x212 ..\obj\stm32f4xx_hal_adc.o
 .debug_aranges
                0x00000000       0x20 ..\obj\stm32f4xx_hal_adc.o
 .debug_line    0x00000000      0x4c1 ..\obj\stm32f4xx_hal_adc.o
 .debug_str     0x00000000      0xa0f ..\obj\stm32f4xx_hal_adc.o
 .comment       0x00000000       0x6f ..\obj\stm32f4xx_hal_adc.o
 .debug_frame   0x00000000      0x400 ..\obj\stm32f4xx_hal_adc.o
 .ARM.attributes
                0x00000000       0x33 ..\obj\stm32f4xx_hal_adc.o
 .text          0x00000000     0x18f8 ..\obj\stm32f4xx_hal_hcd.o
 .data          0x00000000        0x0 ..\obj\stm32f4xx_hal_hcd.o
 .bss           0x00000000        0x0 ..\obj\stm32f4xx_hal_hcd.o
 .debug_info    0x00000000      0xc76 ..\obj\stm32f4xx_hal_hcd.o
 .debug_abbrev  0x00000000      0x21c ..\obj\stm32f4xx_hal_hcd.o
 .debug_aranges
                0x00000000       0x20 ..\obj\stm32f4xx_hal_hcd.o
 .debug_line    0x00000000      0x514 ..\obj\stm32f4xx_hal_hcd.o
 .debug_str     0x00000000      0x935 ..\obj\stm32f4xx_hal_hcd.o
 .comment       0x00000000       0x6f ..\obj\stm32f4xx_hal_hcd.o
 .debug_frame   0x00000000      0x3d4 ..\obj\stm32f4xx_hal_hcd.o
 .ARM.attributes
                0x00000000       0x33 ..\obj\stm32f4xx_hal_hcd.o
 .text          0x00000000     0x3be4 ..\obj\stm32f4xx_hal_tim.o
 .data          0x00000000        0x0 ..\obj\stm32f4xx_hal_tim.o
 .bss           0x00000000        0x0 ..\obj\stm32f4xx_hal_tim.o
 .debug_info    0x00000000     0x20fc ..\obj\stm32f4xx_hal_tim.o
 .debug_abbrev  0x00000000      0x206 ..\obj\stm32f4xx_hal_tim.o
 .debug_aranges
                0x00000000       0x20 ..\obj\stm32f4xx_hal_tim.o
 .debug_line    0x00000000      0xdfb ..\obj\stm32f4xx_hal_tim.o
 .debug_str     0x00000000     0x1327 ..\obj\stm32f4xx_hal_tim.o
 .comment       0x00000000       0x6f ..\obj\stm32f4xx_hal_tim.o
 .debug_frame   0x00000000      0xf74 ..\obj\stm32f4xx_hal_tim.o
 .ARM.attributes
                0x00000000       0x33 ..\obj\stm32f4xx_hal_tim.o
 .text          0x00000000        0x0 ..\obj\stm32f4xx_hal_flash_ramfunc.o
 .data          0x00000000        0x0 ..\obj\stm32f4xx_hal_flash_ramfunc.o
 .bss           0x00000000        0x0 ..\obj\stm32f4xx_hal_flash_ramfunc.o
 .debug_info    0x00000000       0x8e ..\obj\stm32f4xx_hal_flash_ramfunc.o
 .debug_abbrev  0x00000000       0x49 ..\obj\stm32f4xx_hal_flash_ramfunc.o
 .debug_aranges
                0x00000000       0x18 ..\obj\stm32f4xx_hal_flash_ramfunc.o
 .debug_line    0x00000000      0x152 ..\obj\stm32f4xx_hal_flash_ramfunc.o
 .debug_str     0x00000000      0x193 ..\obj\stm32f4xx_hal_flash_ramfunc.o
 .comment       0x00000000       0x6f ..\obj\stm32f4xx_hal_flash_ramfunc.o
 .ARM.attributes
                0x00000000       0x33 ..\obj\stm32f4xx_hal_flash_ramfunc.o
 .text          0x00000000      0xf64 ..\obj\stm32f4xx_hal_smartcard.o
 .data          0x00000000        0x0 ..\obj\stm32f4xx_hal_smartcard.o
 .bss           0x00000000        0x0 ..\obj\stm32f4xx_hal_smartcard.o
 .debug_info    0x00000000      0xba9 ..\obj\stm32f4xx_hal_smartcard.o
 .debug_abbrev  0x00000000      0x1f6 ..\obj\stm32f4xx_hal_smartcard.o
 .debug_aranges
                0x00000000       0x20 ..\obj\stm32f4xx_hal_smartcard.o
 .debug_line    0x00000000      0x540 ..\obj\stm32f4xx_hal_smartcard.o
 .debug_str     0x00000000      0x9a1 ..\obj\stm32f4xx_hal_smartcard.o
 .comment       0x00000000       0x6f ..\obj\stm32f4xx_hal_smartcard.o
 .debug_frame   0x00000000      0x378 ..\obj\stm32f4xx_hal_smartcard.o
 .ARM.attributes
                0x00000000       0x33 ..\obj\stm32f4xx_hal_smartcard.o
 .text          0x00000000     0x1510 ..\obj\stm32f4xx_hal_can.o
 .data          0x00000000        0x0 ..\obj\stm32f4xx_hal_can.o
 .bss           0x00000000        0x0 ..\obj\stm32f4xx_hal_can.o
 .debug_info    0x00000000      0xa9c ..\obj\stm32f4xx_hal_can.o
 .debug_abbrev  0x00000000      0x204 ..\obj\stm32f4xx_hal_can.o
 .debug_aranges
                0x00000000       0x20 ..\obj\stm32f4xx_hal_can.o
 .debug_line    0x00000000      0x54f ..\obj\stm32f4xx_hal_can.o
 .debug_str     0x00000000      0x6e9 ..\obj\stm32f4xx_hal_can.o
 .comment       0x00000000       0x6f ..\obj\stm32f4xx_hal_can.o
 .debug_frame   0x00000000      0x2f8 ..\obj\stm32f4xx_hal_can.o
 .ARM.attributes
                0x00000000       0x33 ..\obj\stm32f4xx_hal_can.o
 .text          0x00000000     0x11a0 ..\obj\stm32f4xx_hal_rtc_ex.o
 .data          0x00000000        0x0 ..\obj\stm32f4xx_hal_rtc_ex.o
 .bss           0x00000000        0x0 ..\obj\stm32f4xx_hal_rtc_ex.o
 .debug_info    0x00000000      0xe3e ..\obj\stm32f4xx_hal_rtc_ex.o
 .debug_abbrev  0x00000000      0x19e ..\obj\stm32f4xx_hal_rtc_ex.o
 .debug_aranges
                0x00000000       0x20 ..\obj\stm32f4xx_hal_rtc_ex.o
 .debug_line    0x00000000      0x747 ..\obj\stm32f4xx_hal_rtc_ex.o
 .debug_str     0x00000000      0xa15 ..\obj\stm32f4xx_hal_rtc_ex.o
 .comment       0x00000000       0x6f ..\obj\stm32f4xx_hal_rtc_ex.o
 .debug_frame   0x00000000      0x544 ..\obj\stm32f4xx_hal_rtc_ex.o
 .ARM.attributes
                0x00000000       0x33 ..\obj\stm32f4xx_hal_rtc_ex.o
 .text          0x00000000      0x25c ..\obj\stm32f4xx_hal_pwr.o
 .data          0x00000000        0x0 ..\obj\stm32f4xx_hal_pwr.o
 .bss           0x00000000        0x0 ..\obj\stm32f4xx_hal_pwr.o
 .debug_info    0x00000000      0x723 ..\obj\stm32f4xx_hal_pwr.o
 .debug_abbrev  0x00000000      0x182 ..\obj\stm32f4xx_hal_pwr.o
 .debug_aranges
                0x00000000       0x20 ..\obj\stm32f4xx_hal_pwr.o
 .debug_line    0x00000000      0x2c0 ..\obj\stm32f4xx_hal_pwr.o
 .debug_str     0x00000000      0x4c3 ..\obj\stm32f4xx_hal_pwr.o
 .comment       0x00000000       0x6f ..\obj\stm32f4xx_hal_pwr.o
 .debug_frame   0x00000000      0x1d4 ..\obj\stm32f4xx_hal_pwr.o
 .ARM.attributes
                0x00000000       0x33 ..\obj\stm32f4xx_hal_pwr.o
 .text          0x00000000     0x145c ..\obj\stm32f4xx_hal_tim_ex.o
 .data          0x00000000        0x0 ..\obj\stm32f4xx_hal_tim_ex.o
 .bss           0x00000000        0x0 ..\obj\stm32f4xx_hal_tim_ex.o
 .debug_info    0x00000000      0xf17 ..\obj\stm32f4xx_hal_tim_ex.o
 .debug_abbrev  0x00000000      0x1f4 ..\obj\stm32f4xx_hal_tim_ex.o
 .debug_aranges
                0x00000000       0x20 ..\obj\stm32f4xx_hal_tim_ex.o
 .debug_line    0x00000000      0x627 ..\obj\stm32f4xx_hal_tim_ex.o
 .debug_str     0x00000000      0xc0b ..\obj\stm32f4xx_hal_tim_ex.o
 .comment       0x00000000       0x6f ..\obj\stm32f4xx_hal_tim_ex.o
 .debug_frame   0x00000000      0x574 ..\obj\stm32f4xx_hal_tim_ex.o
 .ARM.attributes
                0x00000000       0x33 ..\obj\stm32f4xx_hal_tim_ex.o
 .text          0x00000000      0x608 ..\obj\stm32f4xx_hal_pccard.o
 .data          0x00000000        0x0 ..\obj\stm32f4xx_hal_pccard.o
 .bss           0x00000000        0x0 ..\obj\stm32f4xx_hal_pccard.o
 .debug_info    0x00000000      0x699 ..\obj\stm32f4xx_hal_pccard.o
 .debug_abbrev  0x00000000      0x1a0 ..\obj\stm32f4xx_hal_pccard.o
 .debug_aranges
                0x00000000       0x20 ..\obj\stm32f4xx_hal_pccard.o
 .debug_line    0x00000000      0x3ec ..\obj\stm32f4xx_hal_pccard.o
 .debug_str     0x00000000      0x543 ..\obj\stm32f4xx_hal_pccard.o
 .comment       0x00000000       0x6f ..\obj\stm32f4xx_hal_pccard.o
 .debug_frame   0x00000000      0x234 ..\obj\stm32f4xx_hal_pccard.o
 .ARM.attributes
                0x00000000       0x33 ..\obj\stm32f4xx_hal_pccard.o
 .text          0x00000000     0x1624 ..\obj\stm32f4xx_hal_usart.o
 .data          0x00000000        0x0 ..\obj\stm32f4xx_hal_usart.o
 .bss           0x00000000        0x0 ..\obj\stm32f4xx_hal_usart.o
 .debug_info    0x00000000      0xdd7 ..\obj\stm32f4xx_hal_usart.o
 .debug_abbrev  0x00000000      0x1e7 ..\obj\stm32f4xx_hal_usart.o
 .debug_aranges
                0x00000000       0x20 ..\obj\stm32f4xx_hal_usart.o
 .debug_line    0x00000000      0x776 ..\obj\stm32f4xx_hal_usart.o
 .debug_str     0x00000000      0xa10 ..\obj\stm32f4xx_hal_usart.o
 .comment       0x00000000       0x6f ..\obj\stm32f4xx_hal_usart.o
 .debug_frame   0x00000000      0x540 ..\obj\stm32f4xx_hal_usart.o
 .ARM.attributes
                0x00000000       0x33 ..\obj\stm32f4xx_hal_usart.o
 .text          0x00000000      0xd0c ..\obj\stm32f4xx_hal_rcc.o
 .data          0x00000000        0x0 ..\obj\stm32f4xx_hal_rcc.o
 .bss           0x00000000        0x0 ..\obj\stm32f4xx_hal_rcc.o
 .rodata        0x00000000       0x10 ..\obj\stm32f4xx_hal_rcc.o
 .debug_info    0x00000000      0xe40 ..\obj\stm32f4xx_hal_rcc.o
 .debug_abbrev  0x00000000      0x289 ..\obj\stm32f4xx_hal_rcc.o
 .debug_aranges
                0x00000000       0x20 ..\obj\stm32f4xx_hal_rcc.o
 .debug_line    0x00000000      0x510 ..\obj\stm32f4xx_hal_rcc.o
 .debug_str     0x00000000      0x673 ..\obj\stm32f4xx_hal_rcc.o
 .comment       0x00000000       0x6f ..\obj\stm32f4xx_hal_rcc.o
 .debug_frame   0x00000000      0x204 ..\obj\stm32f4xx_hal_rcc.o
 .ARM.attributes
                0x00000000       0x33 ..\obj\stm32f4xx_hal_rcc.o
 .text          0x00000000     0x1054 ..\obj\stm32f4xx_hal_rtc.o
 .data          0x00000000        0x0 ..\obj\stm32f4xx_hal_rtc.o
 .bss           0x00000000        0x0 ..\obj\stm32f4xx_hal_rtc.o
 .debug_info    0x00000000      0xb05 ..\obj\stm32f4xx_hal_rtc.o
 .debug_abbrev  0x00000000      0x18f ..\obj\stm32f4xx_hal_rtc.o
 .debug_aranges
                0x00000000       0x20 ..\obj\stm32f4xx_hal_rtc.o
 .debug_line    0x00000000      0x4c0 ..\obj\stm32f4xx_hal_rtc.o
 .debug_str     0x00000000      0x6cf ..\obj\stm32f4xx_hal_rtc.o
 .comment       0x00000000       0x6f ..\obj\stm32f4xx_hal_rtc.o
 .debug_frame   0x00000000      0x308 ..\obj\stm32f4xx_hal_rtc.o
 .ARM.attributes
                0x00000000       0x33 ..\obj\stm32f4xx_hal_rtc.o
 .text          0x00000000        0x0 ..\obj\stm32f4xx_hal_i2c_ex.o
 .data          0x00000000        0x0 ..\obj\stm32f4xx_hal_i2c_ex.o
 .bss           0x00000000        0x0 ..\obj\stm32f4xx_hal_i2c_ex.o
 .debug_info    0x00000000       0x8e ..\obj\stm32f4xx_hal_i2c_ex.o
 .debug_abbrev  0x00000000       0x49 ..\obj\stm32f4xx_hal_i2c_ex.o
 .debug_aranges
                0x00000000       0x18 ..\obj\stm32f4xx_hal_i2c_ex.o
 .debug_line    0x00000000      0x152 ..\obj\stm32f4xx_hal_i2c_ex.o
 .debug_str     0x00000000      0x18c ..\obj\stm32f4xx_hal_i2c_ex.o
 .comment       0x00000000       0x6f ..\obj\stm32f4xx_hal_i2c_ex.o
 .ARM.attributes
                0x00000000       0x33 ..\obj\stm32f4xx_hal_i2c_ex.o
 .text          0x00000000     0x1fb4 ..\obj\stm32f4xx_hal_spi.o
 .data          0x00000000        0x0 ..\obj\stm32f4xx_hal_spi.o
 .bss           0x00000000        0x0 ..\obj\stm32f4xx_hal_spi.o
 .debug_info    0x00000000      0xef3 ..\obj\stm32f4xx_hal_spi.o
 .debug_abbrev  0x00000000      0x1f6 ..\obj\stm32f4xx_hal_spi.o
 .debug_aranges
                0x00000000       0x20 ..\obj\stm32f4xx_hal_spi.o
 .debug_line    0x00000000      0x844 ..\obj\stm32f4xx_hal_spi.o
 .debug_str     0x00000000      0xa79 ..\obj\stm32f4xx_hal_spi.o
 .comment       0x00000000       0x6f ..\obj\stm32f4xx_hal_spi.o
 .debug_frame   0x00000000      0x5d4 ..\obj\stm32f4xx_hal_spi.o
 .ARM.attributes
                0x00000000       0x33 ..\obj\stm32f4xx_hal_spi.o
 .text          0x00000000        0x0 ..\obj\stm32f4xx_hal_hash_ex.o
 .data          0x00000000        0x0 ..\obj\stm32f4xx_hal_hash_ex.o
 .bss           0x00000000        0x0 ..\obj\stm32f4xx_hal_hash_ex.o
 .debug_info    0x00000000       0x8e ..\obj\stm32f4xx_hal_hash_ex.o
 .debug_abbrev  0x00000000       0x49 ..\obj\stm32f4xx_hal_hash_ex.o
 .debug_aranges
                0x00000000       0x18 ..\obj\stm32f4xx_hal_hash_ex.o
 .debug_line    0x00000000      0x152 ..\obj\stm32f4xx_hal_hash_ex.o
 .debug_str     0x00000000      0x18d ..\obj\stm32f4xx_hal_hash_ex.o
 .comment       0x00000000       0x6f ..\obj\stm32f4xx_hal_hash_ex.o
 .ARM.attributes
                0x00000000       0x33 ..\obj\stm32f4xx_hal_hash_ex.o
 .text          0x00000000      0x990 ..\obj\stm32f4xx_hal_adc_ex.o
 .data          0x00000000        0x0 ..\obj\stm32f4xx_hal_adc_ex.o
 .bss           0x00000000        0x0 ..\obj\stm32f4xx_hal_adc_ex.o
 .debug_info    0x00000000      0xaa3 ..\obj\stm32f4xx_hal_adc_ex.o
 .debug_abbrev  0x00000000      0x20d ..\obj\stm32f4xx_hal_adc_ex.o
 .debug_aranges
                0x00000000       0x20 ..\obj\stm32f4xx_hal_adc_ex.o
 .debug_line    0x00000000      0x478 ..\obj\stm32f4xx_hal_adc_ex.o
 .debug_str     0x00000000      0xa51 ..\obj\stm32f4xx_hal_adc_ex.o
 .comment       0x00000000       0x6f ..\obj\stm32f4xx_hal_adc_ex.o
 .debug_frame   0x00000000      0x254 ..\obj\stm32f4xx_hal_adc_ex.o
 .ARM.attributes
                0x00000000       0x33 ..\obj\stm32f4xx_hal_adc_ex.o
 .text          0x00000000      0x21c ..\obj\stm32f4xx_ll_sdmmc.o
 .data          0x00000000        0x0 ..\obj\stm32f4xx_ll_sdmmc.o
 .bss           0x00000000        0x0 ..\obj\stm32f4xx_ll_sdmmc.o
 .debug_info    0x00000000      0x5ec ..\obj\stm32f4xx_ll_sdmmc.o
 .debug_abbrev  0x00000000      0x15e ..\obj\stm32f4xx_ll_sdmmc.o
 .debug_aranges
                0x00000000       0x20 ..\obj\stm32f4xx_ll_sdmmc.o
 .debug_line    0x00000000      0x283 ..\obj\stm32f4xx_ll_sdmmc.o
 .debug_str     0x00000000      0x4a2 ..\obj\stm32f4xx_ll_sdmmc.o
 .comment       0x00000000       0x6f ..\obj\stm32f4xx_ll_sdmmc.o
 .debug_frame   0x00000000      0x21c ..\obj\stm32f4xx_ll_sdmmc.o
 .ARM.attributes
                0x00000000       0x33 ..\obj\stm32f4xx_ll_sdmmc.o
 .data          0x00000000        0x0 ..\obj\main.o
 .bss           0x00000000        0x0 ..\obj\main.o
 .text          0x00000000      0x26c ..\obj\stm32f4xx_hal_rcc_ex.o
 .data          0x00000000        0x0 ..\obj\stm32f4xx_hal_rcc_ex.o
 .bss           0x00000000        0x0 ..\obj\stm32f4xx_hal_rcc_ex.o
 .debug_info    0x00000000      0x5ae ..\obj\stm32f4xx_hal_rcc_ex.o
 .debug_abbrev  0x00000000      0x199 ..\obj\stm32f4xx_hal_rcc_ex.o
 .debug_aranges
                0x00000000       0x20 ..\obj\stm32f4xx_hal_rcc_ex.o
 .debug_line    0x00000000      0x2cd ..\obj\stm32f4xx_hal_rcc_ex.o
 .debug_str     0x00000000      0x3ec ..\obj\stm32f4xx_hal_rcc_ex.o
 .comment       0x00000000       0x6f ..\obj\stm32f4xx_hal_rcc_ex.o
 .debug_frame   0x00000000       0x5c ..\obj\stm32f4xx_hal_rcc_ex.o
 .ARM.attributes
                0x00000000       0x33 ..\obj\stm32f4xx_hal_rcc_ex.o
 .text          0x00000000     0x16e4 ..\obj\stm32f4xx_hal_i2s.o
 .data          0x00000000        0x0 ..\obj\stm32f4xx_hal_i2s.o
 .bss           0x00000000        0x0 ..\obj\stm32f4xx_hal_i2s.o
 .debug_info    0x00000000      0xe86 ..\obj\stm32f4xx_hal_i2s.o
 .debug_abbrev  0x00000000      0x1ff ..\obj\stm32f4xx_hal_i2s.o
 .debug_aranges
                0x00000000       0x20 ..\obj\stm32f4xx_hal_i2s.o
 .debug_line    0x00000000      0x8e4 ..\obj\stm32f4xx_hal_i2s.o
 .debug_str     0x00000000      0xa3d ..\obj\stm32f4xx_hal_i2s.o
 .comment       0x00000000       0x6f ..\obj\stm32f4xx_hal_i2s.o
 .debug_frame   0x00000000      0x460 ..\obj\stm32f4xx_hal_i2s.o
 .ARM.attributes
                0x00000000       0x33 ..\obj\stm32f4xx_hal_i2s.o
 .text          0x00000000        0x0 ..\obj\stm32f4xx_ll_fmc.o
 .data          0x00000000        0x0 ..\obj\stm32f4xx_ll_fmc.o
 .bss           0x00000000        0x0 ..\obj\stm32f4xx_ll_fmc.o
 .debug_info    0x00000000       0x8e ..\obj\stm32f4xx_ll_fmc.o
 .debug_abbrev  0x00000000       0x49 ..\obj\stm32f4xx_ll_fmc.o
 .debug_aranges
                0x00000000       0x18 ..\obj\stm32f4xx_ll_fmc.o
 .debug_line    0x00000000      0x152 ..\obj\stm32f4xx_ll_fmc.o
 .debug_str     0x00000000      0x188 ..\obj\stm32f4xx_ll_fmc.o
 .comment       0x00000000       0x6f ..\obj\stm32f4xx_ll_fmc.o
 .ARM.attributes
                0x00000000       0x33 ..\obj\stm32f4xx_ll_fmc.o
 .text          0x00000000      0x1f8 ..\obj\stm32f4xx_hal_dac_ex.o
 .data          0x00000000        0x0 ..\obj\stm32f4xx_hal_dac_ex.o
 .bss           0x00000000        0x0 ..\obj\stm32f4xx_hal_dac_ex.o
 .debug_info    0x00000000      0x6f0 ..\obj\stm32f4xx_hal_dac_ex.o
 .debug_abbrev  0x00000000      0x183 ..\obj\stm32f4xx_hal_dac_ex.o
 .debug_aranges
                0x00000000       0x20 ..\obj\stm32f4xx_hal_dac_ex.o
 .debug_line    0x00000000      0x2bc ..\obj\stm32f4xx_hal_dac_ex.o
 .debug_str     0x00000000      0x6bc ..\obj\stm32f4xx_hal_dac_ex.o
 .comment       0x00000000       0x6f ..\obj\stm32f4xx_hal_dac_ex.o
 .debug_frame   0x00000000      0x1bc ..\obj\stm32f4xx_hal_dac_ex.o
 .ARM.attributes
                0x00000000       0x33 ..\obj\stm32f4xx_hal_dac_ex.o
 .text          0x00000000     0x11e0 ..\obj\stm32f4xx_hal_irda.o
 .data          0x00000000        0x0 ..\obj\stm32f4xx_hal_irda.o
 .bss           0x00000000        0x0 ..\obj\stm32f4xx_hal_irda.o
 .debug_info    0x00000000      0xca1 ..\obj\stm32f4xx_hal_irda.o
 .debug_abbrev  0x00000000      0x1e7 ..\obj\stm32f4xx_hal_irda.o
 .debug_aranges
                0x00000000       0x20 ..\obj\stm32f4xx_hal_irda.o
 .debug_line    0x00000000      0x591 ..\obj\stm32f4xx_hal_irda.o
 .debug_str     0x00000000      0x940 ..\obj\stm32f4xx_hal_irda.o
 .comment       0x00000000       0x6f ..\obj\stm32f4xx_hal_irda.o
 .debug_frame   0x00000000      0x484 ..\obj\stm32f4xx_hal_irda.o
 .ARM.attributes
                0x00000000       0x33 ..\obj\stm32f4xx_hal_irda.o
 .text          0x00000000      0xcd4 ..\obj\stm32f4xx_hal_nand.o
 .data          0x00000000        0x0 ..\obj\stm32f4xx_hal_nand.o
 .bss           0x00000000        0x0 ..\obj\stm32f4xx_hal_nand.o
 .debug_info    0x00000000      0xa05 ..\obj\stm32f4xx_hal_nand.o
 .debug_abbrev  0x00000000      0x191 ..\obj\stm32f4xx_hal_nand.o
 .debug_aranges
                0x00000000       0x20 ..\obj\stm32f4xx_hal_nand.o
 .debug_line    0x00000000      0x4e0 ..\obj\stm32f4xx_hal_nand.o
 .debug_str     0x00000000      0x719 ..\obj\stm32f4xx_hal_nand.o
 .comment       0x00000000       0x6f ..\obj\stm32f4xx_hal_nand.o
 .debug_frame   0x00000000      0x2e4 ..\obj\stm32f4xx_hal_nand.o
 .ARM.attributes
                0x00000000       0x33 ..\obj\stm32f4xx_hal_nand.o
 .text          0x00000000      0x264 ..\obj\stm32f4xx_hal_rng.o
 .data          0x00000000        0x0 ..\obj\stm32f4xx_hal_rng.o
 .bss           0x00000000        0x0 ..\obj\stm32f4xx_hal_rng.o
 .debug_info    0x00000000      0x388 ..\obj\stm32f4xx_hal_rng.o
 .debug_abbrev  0x00000000      0x17e ..\obj\stm32f4xx_hal_rng.o
 .debug_aranges
                0x00000000       0x20 ..\obj\stm32f4xx_hal_rng.o
 .debug_line    0x00000000      0x2b2 ..\obj\stm32f4xx_hal_rng.o
 .debug_str     0x00000000      0x38b ..\obj\stm32f4xx_hal_rng.o
 .comment       0x00000000       0x6f ..\obj\stm32f4xx_hal_rng.o
 .debug_frame   0x00000000      0x190 ..\obj\stm32f4xx_hal_rng.o
 .ARM.attributes
                0x00000000       0x33 ..\obj\stm32f4xx_hal_rng.o
 .text          0x00000000        0x0 ..\obj\stm32f4xx_hal_sdram.o
 .data          0x00000000        0x0 ..\obj\stm32f4xx_hal_sdram.o
 .bss           0x00000000        0x0 ..\obj\stm32f4xx_hal_sdram.o
 .debug_info    0x00000000       0x8e ..\obj\stm32f4xx_hal_sdram.o
 .debug_abbrev  0x00000000       0x49 ..\obj\stm32f4xx_hal_sdram.o
 .debug_aranges
                0x00000000       0x18 ..\obj\stm32f4xx_hal_sdram.o
 .debug_line    0x00000000      0x152 ..\obj\stm32f4xx_hal_sdram.o
 .debug_str     0x00000000      0x18b ..\obj\stm32f4xx_hal_sdram.o
 .comment       0x00000000       0x6f ..\obj\stm32f4xx_hal_sdram.o
 .ARM.attributes
                0x00000000       0x33 ..\obj\stm32f4xx_hal_sdram.o
 .text          0x00000000      0x98c ..\obj\stm32f4xx_hal_nor.o
 .data          0x00000000        0x0 ..\obj\stm32f4xx_hal_nor.o
 .bss           0x00000000        0x0 ..\obj\stm32f4xx_hal_nor.o
 .debug_info    0x00000000      0x923 ..\obj\stm32f4xx_hal_nor.o
 .debug_abbrev  0x00000000      0x160 ..\obj\stm32f4xx_hal_nor.o
 .debug_aranges
                0x00000000       0x20 ..\obj\stm32f4xx_hal_nor.o
 .debug_line    0x00000000      0x43c ..\obj\stm32f4xx_hal_nor.o
 .debug_str     0x00000000      0x717 ..\obj\stm32f4xx_hal_nor.o
 .comment       0x00000000       0x6f ..\obj\stm32f4xx_hal_nor.o
 .debug_frame   0x00000000      0x2cc ..\obj\stm32f4xx_hal_nor.o
 .ARM.attributes
                0x00000000       0x33 ..\obj\stm32f4xx_hal_nor.o
 .text          0x00000000      0x53c ..\obj\stm32f4xx_hal_cortex.o
 .data          0x00000000        0x0 ..\obj\stm32f4xx_hal_cortex.o
 .bss           0x00000000        0x0 ..\obj\stm32f4xx_hal_cortex.o
 .debug_info    0x00000000      0xb6a ..\obj\stm32f4xx_hal_cortex.o
 .debug_abbrev  0x00000000      0x2a2 ..\obj\stm32f4xx_hal_cortex.o
 .debug_aranges
                0x00000000       0x20 ..\obj\stm32f4xx_hal_cortex.o
 .debug_line    0x00000000      0x326 ..\obj\stm32f4xx_hal_cortex.o
 .debug_str     0x00000000      0xaa9 ..\obj\stm32f4xx_hal_cortex.o
 .comment       0x00000000       0x6f ..\obj\stm32f4xx_hal_cortex.o
 .debug_frame   0x00000000      0x428 ..\obj\stm32f4xx_hal_cortex.o
 .ARM.attributes
                0x00000000       0x33 ..\obj\stm32f4xx_hal_cortex.o
 .text          0x00000000        0x0 ..\obj\stm32f4xx_hal_hash.o
 .data          0x00000000        0x0 ..\obj\stm32f4xx_hal_hash.o
 .bss           0x00000000        0x0 ..\obj\stm32f4xx_hal_hash.o
 .debug_info    0x00000000       0x8e ..\obj\stm32f4xx_hal_hash.o
 .debug_abbrev  0x00000000       0x49 ..\obj\stm32f4xx_hal_hash.o
 .debug_aranges
                0x00000000       0x18 ..\obj\stm32f4xx_hal_hash.o
 .debug_line    0x00000000      0x152 ..\obj\stm32f4xx_hal_hash.o
 .debug_str     0x00000000      0x18a ..\obj\stm32f4xx_hal_hash.o
 .comment       0x00000000       0x6f ..\obj\stm32f4xx_hal_hash.o
 .ARM.attributes
                0x00000000       0x33 ..\obj\stm32f4xx_hal_hash.o
 .text          0x00000000      0x5a4 ..\obj\stm32f4xx_ll_fsmc.o
 .data          0x00000000        0x0 ..\obj\stm32f4xx_ll_fsmc.o
 .bss           0x00000000        0x0 ..\obj\stm32f4xx_ll_fsmc.o
 .debug_info    0x00000000      0x964 ..\obj\stm32f4xx_ll_fsmc.o
 .debug_abbrev  0x00000000      0x164 ..\obj\stm32f4xx_ll_fsmc.o
 .debug_aranges
                0x00000000       0x20 ..\obj\stm32f4xx_ll_fsmc.o
 .debug_line    0x00000000      0x354 ..\obj\stm32f4xx_ll_fsmc.o
 .debug_str     0x00000000      0x6df ..\obj\stm32f4xx_ll_fsmc.o
 .comment       0x00000000       0x6f ..\obj\stm32f4xx_ll_fsmc.o
 .debug_frame   0x00000000      0x2dc ..\obj\stm32f4xx_ll_fsmc.o
 .ARM.attributes
                0x00000000       0x33 ..\obj\stm32f4xx_ll_fsmc.o
 .text          0x00000000      0x18c ..\obj\stm32f4xx_hal_crc.o
 .data          0x00000000        0x0 ..\obj\stm32f4xx_hal_crc.o
 .bss           0x00000000        0x0 ..\obj\stm32f4xx_hal_crc.o
 .debug_info    0x00000000      0x37b ..\obj\stm32f4xx_hal_crc.o
 .debug_abbrev  0x00000000      0x16c ..\obj\stm32f4xx_hal_crc.o
 .debug_aranges
                0x00000000       0x20 ..\obj\stm32f4xx_hal_crc.o
 .debug_line    0x00000000      0x29d ..\obj\stm32f4xx_hal_crc.o
 .debug_str     0x00000000      0x377 ..\obj\stm32f4xx_hal_crc.o
 .comment       0x00000000       0x6f ..\obj\stm32f4xx_hal_crc.o
 .debug_frame   0x00000000      0x120 ..\obj\stm32f4xx_hal_crc.o
 .ARM.attributes
                0x00000000       0x33 ..\obj\stm32f4xx_hal_crc.o
 .text          0x00000000      0x230 ..\obj\stm32f4xx_hal_wwdg.o
 .data          0x00000000        0x0 ..\obj\stm32f4xx_hal_wwdg.o
 .bss           0x00000000        0x0 ..\obj\stm32f4xx_hal_wwdg.o
 .debug_info    0x00000000      0x3b7 ..\obj\stm32f4xx_hal_wwdg.o
 .debug_abbrev  0x00000000      0x160 ..\obj\stm32f4xx_hal_wwdg.o
 .debug_aranges
                0x00000000       0x20 ..\obj\stm32f4xx_hal_wwdg.o
 .debug_line    0x00000000      0x2d6 ..\obj\stm32f4xx_hal_wwdg.o
 .debug_str     0x00000000      0x39f ..\obj\stm32f4xx_hal_wwdg.o
 .comment       0x00000000       0x6f ..\obj\stm32f4xx_hal_wwdg.o
 .debug_frame   0x00000000      0x194 ..\obj\stm32f4xx_hal_wwdg.o
 .ARM.attributes
                0x00000000       0x33 ..\obj\stm32f4xx_hal_wwdg.o
 .text          0x00000000      0x788 ..\obj\stm32f4xx_hal_dcmi.o
 .data          0x00000000        0x0 ..\obj\stm32f4xx_hal_dcmi.o
 .bss           0x00000000        0x0 ..\obj\stm32f4xx_hal_dcmi.o
 .debug_info    0x00000000      0x911 ..\obj\stm32f4xx_hal_dcmi.o
 .debug_abbrev  0x00000000      0x1f6 ..\obj\stm32f4xx_hal_dcmi.o
 .debug_aranges
                0x00000000       0x20 ..\obj\stm32f4xx_hal_dcmi.o
 .debug_line    0x00000000      0x3d6 ..\obj\stm32f4xx_hal_dcmi.o
 .debug_str     0x00000000      0x7f1 ..\obj\stm32f4xx_hal_dcmi.o
 .comment       0x00000000       0x6f ..\obj\stm32f4xx_hal_dcmi.o
 .debug_frame   0x00000000      0x2c8 ..\obj\stm32f4xx_hal_dcmi.o
 .ARM.attributes
                0x00000000       0x33 ..\obj\stm32f4xx_hal_dcmi.o
 .text          0x00000000     0x7cc4 ..\obj\stm32f4xx_hal_dma.o
 .data          0x00000000        0x0 ..\obj\stm32f4xx_hal_dma.o
 .bss           0x00000000        0x0 ..\obj\stm32f4xx_hal_dma.o
 .debug_info    0x00000000      0x643 ..\obj\stm32f4xx_hal_dma.o
 .debug_abbrev  0x00000000      0x1c2 ..\obj\stm32f4xx_hal_dma.o
 .debug_aranges
                0x00000000       0x20 ..\obj\stm32f4xx_hal_dma.o
 .debug_line    0x00000000     0x4482 ..\obj\stm32f4xx_hal_dma.o
 .debug_str     0x00000000      0x5b1 ..\obj\stm32f4xx_hal_dma.o
 .comment       0x00000000       0x6f ..\obj\stm32f4xx_hal_dma.o
 .debug_frame   0x00000000      0x194 ..\obj\stm32f4xx_hal_dma.o
 .ARM.attributes
                0x00000000       0x33 ..\obj\stm32f4xx_hal_dma.o
 .text          0x00000000     0x1578 ..\obj\stm32f4xx_hal_eth.o
 .data          0x00000000        0x0 ..\obj\stm32f4xx_hal_eth.o
 .bss           0x00000000        0x0 ..\obj\stm32f4xx_hal_eth.o
 .debug_info    0x00000000     0x1371 ..\obj\stm32f4xx_hal_eth.o
 .debug_abbrev  0x00000000      0x223 ..\obj\stm32f4xx_hal_eth.o
 .debug_aranges
                0x00000000       0x20 ..\obj\stm32f4xx_hal_eth.o
 .debug_line    0x00000000      0x75e ..\obj\stm32f4xx_hal_eth.o
 .debug_str     0x00000000      0xe7e ..\obj\stm32f4xx_hal_eth.o
 .comment       0x00000000       0x6f ..\obj\stm32f4xx_hal_eth.o
 .debug_frame   0x00000000      0x4b4 ..\obj\stm32f4xx_hal_eth.o
 .ARM.attributes
                0x00000000       0x33 ..\obj\stm32f4xx_hal_eth.o
 .text          0x00000000        0x0 ..\obj\stm32f4xx_hal_cryp.o
 .data          0x00000000        0x0 ..\obj\stm32f4xx_hal_cryp.o
 .bss           0x00000000        0x0 ..\obj\stm32f4xx_hal_cryp.o
 .debug_info    0x00000000       0x8e ..\obj\stm32f4xx_hal_cryp.o
 .debug_abbrev  0x00000000       0x49 ..\obj\stm32f4xx_hal_cryp.o
 .debug_aranges
                0x00000000       0x18 ..\obj\stm32f4xx_hal_cryp.o
 .debug_line    0x00000000      0x152 ..\obj\stm32f4xx_hal_cryp.o
 .debug_str     0x00000000      0x18a ..\obj\stm32f4xx_hal_cryp.o
 .comment       0x00000000       0x6f ..\obj\stm32f4xx_hal_cryp.o
 .ARM.attributes
                0x00000000       0x33 ..\obj\stm32f4xx_hal_cryp.o
 .text          0x00000000        0x0 ..\obj\stm32f4xx_hal_dma2d.o
 .data          0x00000000        0x0 ..\obj\stm32f4xx_hal_dma2d.o
 .bss           0x00000000        0x0 ..\obj\stm32f4xx_hal_dma2d.o
 .debug_info    0x00000000       0x8e ..\obj\stm32f4xx_hal_dma2d.o
 .debug_abbrev  0x00000000       0x49 ..\obj\stm32f4xx_hal_dma2d.o
 .debug_aranges
                0x00000000       0x18 ..\obj\stm32f4xx_hal_dma2d.o
 .debug_line    0x00000000      0x152 ..\obj\stm32f4xx_hal_dma2d.o
 .debug_str     0x00000000      0x18b ..\obj\stm32f4xx_hal_dma2d.o
 .comment       0x00000000       0x6f ..\obj\stm32f4xx_hal_dma2d.o
 .ARM.attributes
                0x00000000       0x33 ..\obj\stm32f4xx_hal_dma2d.o
 .text          0x00000000     0x16f0 ..\obj\stm32f4xx_hal_uart.o
 .data          0x00000000        0x0 ..\obj\stm32f4xx_hal_uart.o
 .bss           0x00000000        0x0 ..\obj\stm32f4xx_hal_uart.o
 .debug_info    0x00000000      0xe48 ..\obj\stm32f4xx_hal_uart.o
 .debug_abbrev  0x00000000      0x1e7 ..\obj\stm32f4xx_hal_uart.o
 .debug_aranges
                0x00000000       0x20 ..\obj\stm32f4xx_hal_uart.o
 .debug_line    0x00000000      0x6d7 ..\obj\stm32f4xx_hal_uart.o
 .debug_str     0x00000000      0xa35 ..\obj\stm32f4xx_hal_uart.o
 .comment       0x00000000       0x6f ..\obj\stm32f4xx_hal_uart.o
 .debug_frame   0x00000000      0x5b8 ..\obj\stm32f4xx_hal_uart.o
 .ARM.attributes
                0x00000000       0x33 ..\obj\stm32f4xx_hal_uart.o
 .text          0x00000000      0xbb4 ..\obj\stm32f4xx_hal_i2s_ex.o
 .data          0x00000000        0x0 ..\obj\stm32f4xx_hal_i2s_ex.o
 .bss           0x00000000        0x0 ..\obj\stm32f4xx_hal_i2s_ex.o
 .debug_info    0x00000000      0x77d ..\obj\stm32f4xx_hal_i2s_ex.o
 .debug_abbrev  0x00000000      0x190 ..\obj\stm32f4xx_hal_i2s_ex.o
 .debug_aranges
                0x00000000       0x20 ..\obj\stm32f4xx_hal_i2s_ex.o
 .debug_line    0x00000000      0x72d ..\obj\stm32f4xx_hal_i2s_ex.o
 .debug_str     0x00000000      0x767 ..\obj\stm32f4xx_hal_i2s_ex.o
 .comment       0x00000000       0x6f ..\obj\stm32f4xx_hal_i2s_ex.o
 .debug_frame   0x00000000       0xb0 ..\obj\stm32f4xx_hal_i2s_ex.o
 .ARM.attributes
                0x00000000       0x33 ..\obj\stm32f4xx_hal_i2s_ex.o
 .text          0x00000000       0xc8 ..\obj\stm32f4xx_hal_pwr_ex.o
 .data          0x00000000        0x0 ..\obj\stm32f4xx_hal_pwr_ex.o
 .bss           0x00000000        0x0 ..\obj\stm32f4xx_hal_pwr_ex.o
 .debug_info    0x00000000      0x1b4 ..\obj\stm32f4xx_hal_pwr_ex.o
 .debug_abbrev  0x00000000       0xda ..\obj\stm32f4xx_hal_pwr_ex.o
 .debug_aranges
                0x00000000       0x20 ..\obj\stm32f4xx_hal_pwr_ex.o
 .debug_line    0x00000000      0x22c ..\obj\stm32f4xx_hal_pwr_ex.o
 .debug_str     0x00000000      0x273 ..\obj\stm32f4xx_hal_pwr_ex.o
 .comment       0x00000000       0x6f ..\obj\stm32f4xx_hal_pwr_ex.o
 .debug_frame   0x00000000       0x98 ..\obj\stm32f4xx_hal_pwr_ex.o
 .ARM.attributes
                0x00000000       0x33 ..\obj\stm32f4xx_hal_pwr_ex.o
 .text          0x00000000     0x2bf0 ..\obj\stm32f4xx_hal_sd.o
 .data          0x00000000        0x0 ..\obj\stm32f4xx_hal_sd.o
 .bss           0x00000000        0x0 ..\obj\stm32f4xx_hal_sd.o
 .debug_info    0x00000000     0x1b35 ..\obj\stm32f4xx_hal_sd.o
 .debug_abbrev  0x00000000      0x21c ..\obj\stm32f4xx_hal_sd.o
 .debug_aranges
                0x00000000       0x20 ..\obj\stm32f4xx_hal_sd.o
 .debug_line    0x00000000      0x9c1 ..\obj\stm32f4xx_hal_sd.o
 .debug_str     0x00000000     0x1354 ..\obj\stm32f4xx_hal_sd.o
 .comment       0x00000000       0x6f ..\obj\stm32f4xx_hal_sd.o
 .debug_frame   0x00000000      0x6e4 ..\obj\stm32f4xx_hal_sd.o
 .ARM.attributes
                0x00000000       0x33 ..\obj\stm32f4xx_hal_sd.o
 .text          0x00000000        0x0 ..\obj\stm32f4xx_hal_sai.o
 .data          0x00000000        0x0 ..\obj\stm32f4xx_hal_sai.o
 .bss           0x00000000        0x0 ..\obj\stm32f4xx_hal_sai.o
 .debug_info    0x00000000       0x8e ..\obj\stm32f4xx_hal_sai.o
 .debug_abbrev  0x00000000       0x49 ..\obj\stm32f4xx_hal_sai.o
 .debug_aranges
                0x00000000       0x18 ..\obj\stm32f4xx_hal_sai.o
 .debug_line    0x00000000      0x152 ..\obj\stm32f4xx_hal_sai.o
 .debug_str     0x00000000      0x189 ..\obj\stm32f4xx_hal_sai.o
 .comment       0x00000000       0x6f ..\obj\stm32f4xx_hal_sai.o
 .ARM.attributes
                0x00000000       0x33 ..\obj\stm32f4xx_hal_sai.o
 .text          0x00000000       0x14 ..\obj\startup_stm32f407xx.o
 .data          0x00000000        0x0 ..\obj\startup_stm32f407xx.o
 .bss           0x00000000        0x0 ..\obj\startup_stm32f407xx.o
 .text          0x00000000     0x1248 ..\obj\stm32f4xx_hal_pcd.o
 .data          0x00000000        0x0 ..\obj\stm32f4xx_hal_pcd.o
 .bss           0x00000000        0x0 ..\obj\stm32f4xx_hal_pcd.o
 .debug_info    0x00000000      0xe95 ..\obj\stm32f4xx_hal_pcd.o
 .debug_abbrev  0x00000000      0x238 ..\obj\stm32f4xx_hal_pcd.o
 .debug_aranges
                0x00000000       0x20 ..\obj\stm32f4xx_hal_pcd.o
 .debug_line    0x00000000      0x564 ..\obj\stm32f4xx_hal_pcd.o
 .debug_str     0x00000000      0x980 ..\obj\stm32f4xx_hal_pcd.o
 .comment       0x00000000       0x6f ..\obj\stm32f4xx_hal_pcd.o
 .debug_frame   0x00000000      0x508 ..\obj\stm32f4xx_hal_pcd.o
 .ARM.attributes
                0x00000000       0x33 ..\obj\stm32f4xx_hal_pcd.o
 .text          0x00000000      0x168 ..\obj\stm32f4xx_hal_iwdg.o
 .data          0x00000000        0x0 ..\obj\stm32f4xx_hal_iwdg.o
 .bss           0x00000000        0x0 ..\obj\stm32f4xx_hal_iwdg.o
 .debug_info    0x00000000      0x2f3 ..\obj\stm32f4xx_hal_iwdg.o
 .debug_abbrev  0x00000000      0x173 ..\obj\stm32f4xx_hal_iwdg.o
 .debug_aranges
                0x00000000       0x20 ..\obj\stm32f4xx_hal_iwdg.o
 .debug_line    0x00000000      0x29a ..\obj\stm32f4xx_hal_iwdg.o
 .debug_str     0x00000000      0x340 ..\obj\stm32f4xx_hal_iwdg.o
 .comment       0x00000000       0x6f ..\obj\stm32f4xx_hal_iwdg.o
 .debug_frame   0x00000000       0xd0 ..\obj\stm32f4xx_hal_iwdg.o
 .ARM.attributes
                0x00000000       0x33 ..\obj\stm32f4xx_hal_iwdg.o
 .bss           0x00000000        0x0 ..\obj\system_stm32f4xx.o
 .text          0x00000000        0x0 c:/program files (x86)/gnu tools arm embedded/5.4 2016q3/bin/../lib/gcc/arm-none-eabi/5.4.1/../../../../arm-none-eabi/lib/armv7e-m\libg.a(lib_a-exit.o)
 .data          0x00000000        0x0 c:/program files (x86)/gnu tools arm embedded/5.4 2016q3/bin/../lib/gcc/arm-none-eabi/5.4.1/../../../../arm-none-eabi/lib/armv7e-m\libg.a(lib_a-exit.o)
 .bss           0x00000000        0x0 c:/program files (x86)/gnu tools arm embedded/5.4 2016q3/bin/../lib/gcc/arm-none-eabi/5.4.1/../../../../arm-none-eabi/lib/armv7e-m\libg.a(lib_a-exit.o)
 .text.exit     0x00000000       0x20 c:/program files (x86)/gnu tools arm embedded/5.4 2016q3/bin/../lib/gcc/arm-none-eabi/5.4.1/../../../../arm-none-eabi/lib/armv7e-m\libg.a(lib_a-exit.o)
 .debug_frame   0x00000000       0x28 c:/program files (x86)/gnu tools arm embedded/5.4 2016q3/bin/../lib/gcc/arm-none-eabi/5.4.1/../../../../arm-none-eabi/lib/armv7e-m\libg.a(lib_a-exit.o)
 .ARM.attributes
                0x00000000       0x2e c:/program files (x86)/gnu tools arm embedded/5.4 2016q3/bin/../lib/gcc/arm-none-eabi/5.4.1/../../../../arm-none-eabi/lib/armv7e-m\libg.a(lib_a-exit.o)
 .text          0x00000000        0x0 c:/program files (x86)/gnu tools arm embedded/5.4 2016q3/bin/../lib/gcc/arm-none-eabi/5.4.1/../../../../arm-none-eabi/lib/armv7e-m\libg.a(lib_a-impure.o)
 .data          0x00000000        0x0 c:/program files (x86)/gnu tools arm embedded/5.4 2016q3/bin/../lib/gcc/arm-none-eabi/5.4.1/../../../../arm-none-eabi/lib/armv7e-m\libg.a(lib_a-impure.o)
 .bss           0x00000000        0x0 c:/program files (x86)/gnu tools arm embedded/5.4 2016q3/bin/../lib/gcc/arm-none-eabi/5.4.1/../../../../arm-none-eabi/lib/armv7e-m\libg.a(lib_a-impure.o)
 .data._impure_ptr
                0x00000000        0x4 c:/program files (x86)/gnu tools arm embedded/5.4 2016q3/bin/../lib/gcc/arm-none-eabi/5.4.1/../../../../arm-none-eabi/lib/armv7e-m\libg.a(lib_a-impure.o)
 .text          0x00000000        0x0 c:/program files (x86)/gnu tools arm embedded/5.4 2016q3/bin/../lib/gcc/arm-none-eabi/5.4.1/../../../../arm-none-eabi/lib/armv7e-m\libg.a(lib_a-init.o)
 .data          0x00000000        0x0 c:/program files (x86)/gnu tools arm embedded/5.4 2016q3/bin/../lib/gcc/arm-none-eabi/5.4.1/../../../../arm-none-eabi/lib/armv7e-m\libg.a(lib_a-init.o)
 .bss           0x00000000        0x0 c:/program files (x86)/gnu tools arm embedded/5.4 2016q3/bin/../lib/gcc/arm-none-eabi/5.4.1/../../../../arm-none-eabi/lib/armv7e-m\libg.a(lib_a-init.o)
 .text          0x00000000        0x0 c:/program files (x86)/gnu tools arm embedded/5.4 2016q3/bin/../lib/gcc/arm-none-eabi/5.4.1/../../../../arm-none-eabi/lib/armv7e-m\libg.a(lib_a-memset.o)
 .data          0x00000000        0x0 c:/program files (x86)/gnu tools arm embedded/5.4 2016q3/bin/../lib/gcc/arm-none-eabi/5.4.1/../../../../arm-none-eabi/lib/armv7e-m\libg.a(lib_a-memset.o)
 .bss           0x00000000        0x0 c:/program files (x86)/gnu tools arm embedded/5.4 2016q3/bin/../lib/gcc/arm-none-eabi/5.4.1/../../../../arm-none-eabi/lib/armv7e-m\libg.a(lib_a-memset.o)
 .text.memset   0x00000000       0x9c c:/program files (x86)/gnu tools arm embedded/5.4 2016q3/bin/../lib/gcc/arm-none-eabi/5.4.1/../../../../arm-none-eabi/lib/armv7e-m\libg.a(lib_a-memset.o)
 .debug_frame   0x00000000       0x34 c:/program files (x86)/gnu tools arm embedded/5.4 2016q3/bin/../lib/gcc/arm-none-eabi/5.4.1/../../../../arm-none-eabi/lib/armv7e-m\libg.a(lib_a-memset.o)
 .ARM.attributes
                0x00000000       0x2e c:/program files (x86)/gnu tools arm embedded/5.4 2016q3/bin/../lib/gcc/arm-none-eabi/5.4.1/../../../../arm-none-eabi/lib/armv7e-m\libg.a(lib_a-memset.o)
 .text          0x00000000        0x0 c:/program files (x86)/gnu tools arm embedded/5.4 2016q3/bin/../lib/gcc/arm-none-eabi/5.4.1/../../../../arm-none-eabi/lib/armv7e-m\libg.a(lib_a-__call_atexit.o)
 .data          0x00000000        0x0 c:/program files (x86)/gnu tools arm embedded/5.4 2016q3/bin/../lib/gcc/arm-none-eabi/5.4.1/../../../../arm-none-eabi/lib/armv7e-m\libg.a(lib_a-__call_atexit.o)
 .bss           0x00000000        0x0 c:/program files (x86)/gnu tools arm embedded/5.4 2016q3/bin/../lib/gcc/arm-none-eabi/5.4.1/../../../../arm-none-eabi/lib/armv7e-m\libg.a(lib_a-__call_atexit.o)
 .text.__call_exitprocs
                0x00000000       0xd8 c:/program files (x86)/gnu tools arm embedded/5.4 2016q3/bin/../lib/gcc/arm-none-eabi/5.4.1/../../../../arm-none-eabi/lib/armv7e-m\libg.a(lib_a-__call_atexit.o)
 .text          0x00000000        0x0 c:/program files (x86)/gnu tools arm embedded/5.4 2016q3/bin/../lib/gcc/arm-none-eabi/5.4.1/../../../../arm-none-eabi/lib/armv7e-m\libg.a(lib_a-atexit.o)
 .data          0x00000000        0x0 c:/program files (x86)/gnu tools arm embedded/5.4 2016q3/bin/../lib/gcc/arm-none-eabi/5.4.1/../../../../arm-none-eabi/lib/armv7e-m\libg.a(lib_a-atexit.o)
 .bss           0x00000000        0x0 c:/program files (x86)/gnu tools arm embedded/5.4 2016q3/bin/../lib/gcc/arm-none-eabi/5.4.1/../../../../arm-none-eabi/lib/armv7e-m\libg.a(lib_a-atexit.o)
 .text          0x00000000        0x0 c:/program files (x86)/gnu tools arm embedded/5.4 2016q3/bin/../lib/gcc/arm-none-eabi/5.4.1/../../../../arm-none-eabi/lib/armv7e-m\libg.a(lib_a-fini.o)
 .data          0x00000000        0x0 c:/program files (x86)/gnu tools arm embedded/5.4 2016q3/bin/../lib/gcc/arm-none-eabi/5.4.1/../../../../arm-none-eabi/lib/armv7e-m\libg.a(lib_a-fini.o)
 .bss           0x00000000        0x0 c:/program files (x86)/gnu tools arm embedded/5.4 2016q3/bin/../lib/gcc/arm-none-eabi/5.4.1/../../../../arm-none-eabi/lib/armv7e-m\libg.a(lib_a-fini.o)
 .text          0x00000000        0x0 c:/program files (x86)/gnu tools arm embedded/5.4 2016q3/bin/../lib/gcc/arm-none-eabi/5.4.1/../../../../arm-none-eabi/lib/armv7e-m\libg.a(lib_a-__atexit.o)
 .data          0x00000000        0x0 c:/program files (x86)/gnu tools arm embedded/5.4 2016q3/bin/../lib/gcc/arm-none-eabi/5.4.1/../../../../arm-none-eabi/lib/armv7e-m\libg.a(lib_a-__atexit.o)
 .bss           0x00000000        0x0 c:/program files (x86)/gnu tools arm embedded/5.4 2016q3/bin/../lib/gcc/arm-none-eabi/5.4.1/../../../../arm-none-eabi/lib/armv7e-m\libg.a(lib_a-__atexit.o)
 .text          0x00000000        0x0 c:/program files (x86)/gnu tools arm embedded/5.4 2016q3/bin/../lib/gcc/arm-none-eabi/5.4.1/armv7e-m/crtend.o
 .data          0x00000000        0x0 c:/program files (x86)/gnu tools arm embedded/5.4 2016q3/bin/../lib/gcc/arm-none-eabi/5.4.1/armv7e-m/crtend.o
 .bss           0x00000000        0x0 c:/program files (x86)/gnu tools arm embedded/5.4 2016q3/bin/../lib/gcc/arm-none-eabi/5.4.1/armv7e-m/crtend.o
 .eh_frame      0x00000000        0x4 c:/program files (x86)/gnu tools arm embedded/5.4 2016q3/bin/../lib/gcc/arm-none-eabi/5.4.1/armv7e-m/crtend.o
 .text          0x00000000        0x0 c:/program files (x86)/gnu tools arm embedded/5.4 2016q3/bin/../lib/gcc/arm-none-eabi/5.4.1/armv7e-m/crtn.o
 .data          0x00000000        0x0 c:/program files (x86)/gnu tools arm embedded/5.4 2016q3/bin/../lib/gcc/arm-none-eabi/5.4.1/armv7e-m/crtn.o
 .bss           0x00000000        0x0 c:/program files (x86)/gnu tools arm embedded/5.4 2016q3/bin/../lib/gcc/arm-none-eabi/5.4.1/armv7e-m/crtn.o

Memory Configuration

Name             Origin             Length             Attributes
rom              0x08000000         0x00100000         xr
ram              0x20000000         0x00020000         xrw
ram1             0x10000000         0x00010000         xrw
*default*        0x00000000         0xffffffff

Linker script and memory map

LOAD c:/program files (x86)/gnu tools arm embedded/5.4 2016q3/bin/../lib/gcc/arm-none-eabi/5.4.1/armv7e-m/crti.o
LOAD c:/program files (x86)/gnu tools arm embedded/5.4 2016q3/bin/../lib/gcc/arm-none-eabi/5.4.1/armv7e-m/crtbegin.o
LOAD c:/program files (x86)/gnu tools arm embedded/5.4 2016q3/bin/../lib/gcc/arm-none-eabi/5.4.1/../../../../arm-none-eabi/lib/armv7e-m/crt0.o
                0x20020000                _eram = 0x20020000

.text           0x08000000      0xaa0
 *(.isr_vector)
 .isr_vector    0x08000000      0x188 ..\obj\startup_stm32f407xx.o
                0x08000000                g_pfnVectors
 *(.text*)
 .text          0x08000188       0x5c c:/program files (x86)/gnu tools arm embedded/5.4 2016q3/bin/../lib/gcc/arm-none-eabi/5.4.1/armv7e-m/crtbegin.o
 .text          0x080001e4      0x598 ..\obj\stm32f4xx_hal_gpio.o
                0x080001e4                HAL_GPIO_Init
                0x08000528                HAL_GPIO_DeInit
                0x08000664                HAL_GPIO_ReadPin
                0x08000694                HAL_GPIO_WritePin
                0x080006c4                HAL_GPIO_TogglePin
                0x080006e8                HAL_GPIO_LockPin
                0x08000738                HAL_GPIO_EXTI_IRQHandler
                0x08000768                HAL_GPIO_EXTI_Callback
 .text          0x0800077c       0x24 ..\obj\main.o
                0x0800077c                main
 .text.Reset_Handler
                0x080007a0       0x50 ..\obj\startup_stm32f407xx.o
                0x080007a0                Reset_Handler
 .text.Default_Handler
                0x080007f0        0x2 ..\obj\startup_stm32f407xx.o
                0x080007f0                RTC_Alarm_IRQHandler
                0x080007f0                HASH_RNG_IRQHandler
                0x080007f0                EXTI2_IRQHandler
                0x080007f0                TIM8_CC_IRQHandler
                0x080007f0                DebugMon_Handler
                0x080007f0                TIM1_CC_IRQHandler
                0x080007f0                DMA2_Stream5_IRQHandler
                0x080007f0                HardFault_Handler
                0x080007f0                DMA1_Stream5_IRQHandler
                0x080007f0                SysTick_Handler
                0x080007f0                PVD_IRQHandler
                0x080007f0                SDIO_IRQHandler
                0x080007f0                TAMP_STAMP_IRQHandler
                0x080007f0                PendSV_Handler
                0x080007f0                NMI_Handler
                0x080007f0                CAN2_RX1_IRQHandler
                0x080007f0                EXTI3_IRQHandler
                0x080007f0                TIM8_TRG_COM_TIM14_IRQHandler
                0x080007f0                TIM1_UP_TIM10_IRQHandler
                0x080007f0                TIM8_UP_TIM13_IRQHandler
                0x080007f0                I2C3_ER_IRQHandler
                0x080007f0                EXTI0_IRQHandler
                0x080007f0                I2C2_EV_IRQHandler
                0x080007f0                DMA1_Stream2_IRQHandler
                0x080007f0                CAN1_RX0_IRQHandler
                0x080007f0                FPU_IRQHandler
                0x080007f0                OTG_HS_WKUP_IRQHandler
                0x080007f0                UsageFault_Handler
                0x080007f0                CAN2_SCE_IRQHandler
                0x080007f0                DMA2_Stream2_IRQHandler
                0x080007f0                SPI1_IRQHandler
                0x080007f0                TIM6_DAC_IRQHandler
                0x080007f0                TIM1_BRK_TIM9_IRQHandler
                0x080007f0                DCMI_IRQHandler
                0x080007f0                CAN2_RX0_IRQHandler
                0x080007f0                DMA2_Stream3_IRQHandler
                0x080007f0                USART6_IRQHandler
                0x080007f0                USART3_IRQHandler
                0x080007f0                CAN1_RX1_IRQHandler
                0x080007f0                UART5_IRQHandler
                0x080007f0                DMA2_Stream0_IRQHandler
                0x080007f0                TIM4_IRQHandler
                0x080007f0                I2C1_EV_IRQHandler
                0x080007f0                DMA1_Stream6_IRQHandler
                0x080007f0                DMA1_Stream1_IRQHandler
                0x080007f0                UART4_IRQHandler
                0x080007f0                TIM3_IRQHandler
                0x080007f0                RCC_IRQHandler
                0x080007f0                TIM8_BRK_TIM12_IRQHandler
                0x080007f0                Default_Handler
                0x080007f0                EXTI15_10_IRQHandler
                0x080007f0                ADC_IRQHandler
                0x080007f0                DMA1_Stream7_IRQHandler
                0x080007f0                TIM7_IRQHandler
                0x080007f0                CAN2_TX_IRQHandler
                0x080007f0                TIM5_IRQHandler
                0x080007f0                DMA2_Stream7_IRQHandler
                0x080007f0                I2C3_EV_IRQHandler
                0x080007f0                EXTI9_5_IRQHandler
                0x080007f0                RTC_WKUP_IRQHandler
                0x080007f0                ETH_WKUP_IRQHandler
                0x080007f0                SPI2_IRQHandler
                0x080007f0                OTG_HS_EP1_IN_IRQHandler
                0x080007f0                MemManage_Handler
                0x080007f0                DMA1_Stream0_IRQHandler
                0x080007f0                CAN1_TX_IRQHandler
                0x080007f0                SVC_Handler
                0x080007f0                EXTI4_IRQHandler
                0x080007f0                FSMC_IRQHandler
                0x080007f0                ETH_IRQHandler
                0x080007f0                OTG_HS_EP1_OUT_IRQHandler
                0x080007f0                WWDG_IRQHandler
                0x080007f0                TIM2_IRQHandler
                0x080007f0                OTG_FS_WKUP_IRQHandler
                0x080007f0                TIM1_TRG_COM_TIM11_IRQHandler
                0x080007f0                OTG_HS_IRQHandler
                0x080007f0                EXTI1_IRQHandler
                0x080007f0                USART2_IRQHandler
                0x080007f0                I2C2_ER_IRQHandler
                0x080007f0                DMA2_Stream1_IRQHandler
                0x080007f0                CAN1_SCE_IRQHandler
                0x080007f0                FLASH_IRQHandler
                0x080007f0                DMA2_Stream4_IRQHandler
                0x080007f0                BusFault_Handler
                0x080007f0                USART1_IRQHandler
                0x080007f0                OTG_FS_IRQHandler
                0x080007f0                SPI3_IRQHandler
                0x080007f0                DMA1_Stream4_IRQHandler
                0x080007f0                I2C1_ER_IRQHandler
                0x080007f0                DMA2_Stream6_IRQHandler
                0x080007f0                DMA1_Stream3_IRQHandler
 *fill*         0x080007f2        0x2 
 .text          0x080007f4      0x154 ..\obj\system_stm32f4xx.o
                0x080007f4                SystemInit
                0x08000850                SystemCoreClockUpdate
 .text.__libc_init_array
                0x08000948       0x50 c:/program files (x86)/gnu tools arm embedded/5.4 2016q3/bin/../lib/gcc/arm-none-eabi/5.4.1/../../../../arm-none-eabi/lib/armv7e-m\libg.a(lib_a-init.o)
                0x08000948                __libc_init_array
 .text.startup.register_fini
                0x08000998       0x14 c:/program files (x86)/gnu tools arm embedded/5.4 2016q3/bin/../lib/gcc/arm-none-eabi/5.4.1/../../../../arm-none-eabi/lib/armv7e-m\libg.a(lib_a-__call_atexit.o)
 .text.atexit   0x080009ac        0xc c:/program files (x86)/gnu tools arm embedded/5.4 2016q3/bin/../lib/gcc/arm-none-eabi/5.4.1/../../../../arm-none-eabi/lib/armv7e-m\libg.a(lib_a-atexit.o)
                0x080009ac                atexit
 .text.__libc_fini_array
                0x080009b8       0x28 c:/program files (x86)/gnu tools arm embedded/5.4 2016q3/bin/../lib/gcc/arm-none-eabi/5.4.1/../../../../arm-none-eabi/lib/armv7e-m\libg.a(lib_a-fini.o)
                0x080009b8                __libc_fini_array
 .text.__register_exitproc
                0x080009e0       0xa4 c:/program files (x86)/gnu tools arm embedded/5.4 2016q3/bin/../lib/gcc/arm-none-eabi/5.4.1/../../../../arm-none-eabi/lib/armv7e-m\libg.a(lib_a-__atexit.o)
                0x080009e0                __register_exitproc
 *(.init)
 .init          0x08000a84        0x4 c:/program files (x86)/gnu tools arm embedded/5.4 2016q3/bin/../lib/gcc/arm-none-eabi/5.4.1/armv7e-m/crti.o
                0x08000a84                _init
 .init          0x08000a88        0x8 c:/program files (x86)/gnu tools arm embedded/5.4 2016q3/bin/../lib/gcc/arm-none-eabi/5.4.1/armv7e-m/crtn.o
 *(.fini)
 .fini          0x08000a90        0x4 c:/program files (x86)/gnu tools arm embedded/5.4 2016q3/bin/../lib/gcc/arm-none-eabi/5.4.1/armv7e-m/crti.o
                0x08000a90                _fini
 .fini          0x08000a94        0x8 c:/program files (x86)/gnu tools arm embedded/5.4 2016q3/bin/../lib/gcc/arm-none-eabi/5.4.1/armv7e-m/crtn.o
 *crtbegin.o(.ctors)
 *crtbegin?.o(.ctors)
 *(EXCLUDE_FILE(*crtend.o *crtend?.o) .ctors)
 *(SORT(.ctors.*))
 *(.ctors)
 *crtbegin.o(.dtors)
 *crtbegin?.o(.dtors)
 *(EXCLUDE_FILE(*crtend.o *crtend?.o) .dtors)
 *(SORT(.dtors.*))
 *(.dtors)
 *(.rodata*)
 .rodata._global_impure_ptr
                0x08000a9c        0x4 c:/program files (x86)/gnu tools arm embedded/5.4 2016q3/bin/../lib/gcc/arm-none-eabi/5.4.1/../../../../arm-none-eabi/lib/armv7e-m\libg.a(lib_a-impure.o)
                0x08000a9c                _global_impure_ptr
 *(.eh_fram e*)

.eh_frame       0x08000aa0        0x0
 .eh_frame      0x08000aa0        0x0 c:/program files (x86)/gnu tools arm embedded/5.4 2016q3/bin/../lib/gcc/arm-none-eabi/5.4.1/armv7e-m/crtbegin.o

.glue_7         0x08000aa0        0x0
 .glue_7        0x08000aa0        0x0 linker stubs

.glue_7t        0x08000aa0        0x0
 .glue_7t       0x08000aa0        0x0 linker stubs

.vfp11_veneer   0x08000aa0        0x0
 .vfp11_veneer  0x08000aa0        0x0 linker stubs

.v4_bx          0x08000aa0        0x0
 .v4_bx         0x08000aa0        0x0 linker stubs

.iplt           0x08000aa0        0x0
 .iplt          0x08000aa0        0x0 c:/program files (x86)/gnu tools arm embedded/5.4 2016q3/bin/../lib/gcc/arm-none-eabi/5.4.1/armv7e-m/crtbegin.o

.rel.dyn        0x08000aa0        0x0
 .rel.iplt      0x08000aa0        0x0 c:/program files (x86)/gnu tools arm embedded/5.4 2016q3/bin/../lib/gcc/arm-none-eabi/5.4.1/armv7e-m/crtbegin.o

.ARM.extab
 *(.ARM.extab* .gnu.linkonce.armextab.*)
                0x08000aa0                __exidx_start = .

.ARM.exidx
 *(.ARM.exidx* .gnu.linkonce.armexidx.*)
                0x08000aa0                __exidx_end = .
                0x08000aa0                __etext = .
                0x08000aa0                _sidata = __etext

.data           0x20000000      0x450 load address 0x08000aa0
                0x20000000                __data_start__ = .
                0x20000000                _sdata = __data_start__
 *(vtable)
 *(.data*)
 .data          0x20000000       0x14 ..\obj\system_stm32f4xx.o
                0x20000000                SystemCoreClock
                0x20000004                AHBPrescTable
 *fill*         0x20000014        0x4 
 .data.impure_data
                0x20000018      0x428 c:/program files (x86)/gnu tools arm embedded/5.4 2016q3/bin/../lib/gcc/arm-none-eabi/5.4.1/../../../../arm-none-eabi/lib/armv7e-m\libg.a(lib_a-impure.o)
                0x20000440                . = ALIGN (0x4)
                0x20000440                PROVIDE (__preinit_array_start, .)
 *(.preinit_array)
                0x20000440                PROVIDE (__preinit_array_end, .)
                0x20000440                . = ALIGN (0x4)
                0x20000440                PROVIDE (__init_array_start, .)
 *(SORT(.init_array.*))
 .init_array.00000
                0x20000440        0x4 c:/program files (x86)/gnu tools arm embedded/5.4 2016q3/bin/../lib/gcc/arm-none-eabi/5.4.1/../../../../arm-none-eabi/lib/armv7e-m\libg.a(lib_a-__call_atexit.o)
 *(.init_array)
 .init_array    0x20000444        0x4 c:/program files (x86)/gnu tools arm embedded/5.4 2016q3/bin/../lib/gcc/arm-none-eabi/5.4.1/armv7e-m/crtbegin.o
                0x20000448                PROVIDE (__init_array_end, .)
                0x20000448                . = ALIGN (0x4)
                0x20000448                PROVIDE (__fini_array_start, .)
 *(SORT(.fini_array.*))
 *(.fini_array)
 .fini_array    0x20000448        0x4 c:/program files (x86)/gnu tools arm embedded/5.4 2016q3/bin/../lib/gcc/arm-none-eabi/5.4.1/armv7e-m/crtbegin.o
                0x2000044c                PROVIDE (__fini_array_end, .)
 *(.jcr*)
 .jcr           0x2000044c        0x0 c:/program files (x86)/gnu tools arm embedded/5.4 2016q3/bin/../lib/gcc/arm-none-eabi/5.4.1/armv7e-m/crtbegin.o
 .jcr           0x2000044c        0x4 c:/program files (x86)/gnu tools arm embedded/5.4 2016q3/bin/../lib/gcc/arm-none-eabi/5.4.1/armv7e-m/crtend.o
                0x20000450                . = ALIGN (0x4)
                0x20000450                __data_end__ = .
                0x20000450                _edata = __data_end__

.igot.plt       0x20000450        0x0 load address 0x08000ef0
 .igot.plt      0x20000450        0x0 c:/program files (x86)/gnu tools arm embedded/5.4 2016q3/bin/../lib/gcc/arm-none-eabi/5.4.1/armv7e-m/crtbegin.o

.bss            0x20000450       0x1c load address 0x08000ef0
                0x20000450                . = ALIGN (0x4)
                0x20000450                __bss_start__ = .
                0x20000450                _sbss = __bss_start__
 *(.bss*)
 .bss           0x20000450       0x1c c:/program files (x86)/gnu tools arm embedded/5.4 2016q3/bin/../lib/gcc/arm-none-eabi/5.4.1/armv7e-m/crtbegin.o
 *(COMMON)
                0x2000046c                . = ALIGN (0x4)
                0x2000046c                __bss_end__ = .
                0x2000046c                _ebss = __bss_end__

.heap           0x2000046c        0x0
                0x2000046c                __end__ = .
                0x2000046c                _end = __end__
                0x2000046c                end = __end__
 *(.heap*)
                0x2000046c                __HeapLimit = .

.co_stack       0x2000046c        0x4 load address 0x08000f0c
                0x20000470                . = ALIGN (0x8)
 *fill*         0x2000046c        0x4 
 *(.co_stack .co_stack.*)
                0x20020000                __StackTop = (ORIGIN (ram) + LENGTH (ram))
                0x2001fffc                __StackLimit = (__StackTop - SIZEOF (.co_stack))
                0x20020000                PROVIDE (__stack, __StackTop)
                0x00000001                ASSERT ((__StackLimit >= __HeapLimit), region ram  overflowed with stack)
LOAD ..\obj\stm32f4xx_ll_usb.o
LOAD ..\obj\stm32f4xx_hal.o
LOAD ..\obj\stm32f4xx_hal_sram.o
LOAD ..\obj\stm32f4xx_hal_flash_ex.o
LOAD ..\obj\stm32f4xx_hal_i2c.o
LOAD ..\obj\stm32f4xx_hal_ltdc.o
LOAD ..\obj\stm32f4xx_hal_cryp_ex.o
LOAD ..\obj\stm32f4xx_hal_msp_template.o
LOAD ..\obj\stm32f4xx_hal_gpio.o
LOAD ..\obj\stm32f4xx_hal_dac.o
LOAD ..\obj\stm32f4xx_hal_flash.o
LOAD ..\obj\stm32f4xx_hal_dma_ex.o
LOAD ..\obj\stm32f4xx_hal_pcd_ex.o
LOAD ..\obj\stm32f4xx_hal_adc.o
LOAD ..\obj\stm32f4xx_hal_hcd.o
LOAD ..\obj\stm32f4xx_hal_tim.o
LOAD ..\obj\stm32f4xx_hal_flash_ramfunc.o
LOAD ..\obj\stm32f4xx_hal_smartcard.o
LOAD ..\obj\stm32f4xx_hal_can.o
LOAD ..\obj\stm32f4xx_hal_rtc_ex.o
LOAD ..\obj\stm32f4xx_hal_pwr.o
LOAD ..\obj\stm32f4xx_hal_tim_ex.o
LOAD ..\obj\stm32f4xx_hal_pccard.o
LOAD ..\obj\stm32f4xx_hal_usart.o
LOAD ..\obj\stm32f4xx_hal_rcc.o
LOAD ..\obj\stm32f4xx_hal_rtc.o
LOAD ..\obj\stm32f4xx_hal_i2c_ex.o
LOAD ..\obj\stm32f4xx_hal_spi.o
LOAD ..\obj\stm32f4xx_hal_hash_ex.o
LOAD ..\obj\stm32f4xx_hal_adc_ex.o
LOAD ..\obj\stm32f4xx_ll_sdmmc.o
LOAD ..\obj\main.o
LOAD ..\obj\stm32f4xx_hal_rcc_ex.o
LOAD ..\obj\stm32f4xx_hal_i2s.o
LOAD ..\obj\stm32f4xx_ll_fmc.o
LOAD ..\obj\stm32f4xx_hal_dac_ex.o
LOAD ..\obj\stm32f4xx_hal_irda.o
LOAD ..\obj\stm32f4xx_hal_nand.o
LOAD ..\obj\stm32f4xx_hal_rng.o
LOAD ..\obj\stm32f4xx_hal_sdram.o
LOAD ..\obj\stm32f4xx_hal_nor.o
LOAD ..\obj\stm32f4xx_hal_cortex.o
LOAD ..\obj\stm32f4xx_hal_hash.o
LOAD ..\obj\stm32f4xx_ll_fsmc.o
LOAD ..\obj\stm32f4xx_hal_crc.o
LOAD ..\obj\stm32f4xx_hal_wwdg.o
LOAD ..\obj\stm32f4xx_hal_dcmi.o
LOAD ..\obj\stm32f4xx_hal_dma.o
LOAD ..\obj\stm32f4xx_hal_eth.o
LOAD ..\obj\stm32f4xx_hal_cryp.o
LOAD ..\obj\stm32f4xx_hal_dma2d.o
LOAD ..\obj\stm32f4xx_hal_uart.o
LOAD ..\obj\stm32f4xx_hal_i2s_ex.o
LOAD ..\obj\stm32f4xx_hal_pwr_ex.o
LOAD ..\obj\stm32f4xx_hal_sd.o
LOAD ..\obj\stm32f4xx_hal_sai.o
LOAD ..\obj\startup_stm32f407xx.o
LOAD ..\obj\stm32f4xx_hal_pcd.o
LOAD ..\obj\stm32f4xx_hal_iwdg.o
LOAD ..\obj\system_stm32f4xx.o
START GROUP
LOAD c:/program files (x86)/gnu tools arm embedded/5.4 2016q3/bin/../lib/gcc/arm-none-eabi/5.4.1/armv7e-m\libgcc.a
LOAD c:/program files (x86)/gnu tools arm embedded/5.4 2016q3/bin/../lib/gcc/arm-none-eabi/5.4.1/../../../../arm-none-eabi/lib/armv7e-m\libg.a
LOAD c:/program files (x86)/gnu tools arm embedded/5.4 2016q3/bin/../lib/gcc/arm-none-eabi/5.4.1/../../../../arm-none-eabi/lib/armv7e-m\libc.a
END GROUP
LOAD c:/program files (x86)/gnu tools arm embedded/5.4 2016q3/bin/../lib/gcc/arm-none-eabi/5.4.1/armv7e-m/crtend.o
LOAD c:/program files (x86)/gnu tools arm embedded/5.4 2016q3/bin/../lib/gcc/arm-none-eabi/5.4.1/armv7e-m/crtn.o
OUTPUT(deneme3.elf elf32-littlearm)

.ARM.attributes
                0x00000000       0x2a
 .ARM.attributes
                0x00000000       0x1e c:/program files (x86)/gnu tools arm embedded/5.4 2016q3/bin/../lib/gcc/arm-none-eabi/5.4.1/armv7e-m/crti.o
 .ARM.attributes
                0x0000001e       0x2e c:/program files (x86)/gnu tools arm embedded/5.4 2016q3/bin/../lib/gcc/arm-none-eabi/5.4.1/armv7e-m/crtbegin.o
 .ARM.attributes
                0x0000004c       0x33 ..\obj\stm32f4xx_hal_gpio.o
 .ARM.attributes
                0x0000007f       0x33 ..\obj\main.o
 .ARM.attributes
                0x000000b2       0x21 ..\obj\startup_stm32f407xx.o
 .ARM.attributes
                0x000000d3       0x33 ..\obj\system_stm32f4xx.o
 .ARM.attributes
                0x00000106       0x2e c:/program files (x86)/gnu tools arm embedded/5.4 2016q3/bin/../lib/gcc/arm-none-eabi/5.4.1/../../../../arm-none-eabi/lib/armv7e-m\libg.a(lib_a-impure.o)
 .ARM.attributes
                0x00000134       0x2e c:/program files (x86)/gnu tools arm embedded/5.4 2016q3/bin/../lib/gcc/arm-none-eabi/5.4.1/../../../../arm-none-eabi/lib/armv7e-m\libg.a(lib_a-init.o)
 .ARM.attributes
                0x00000162       0x2e c:/program files (x86)/gnu tools arm embedded/5.4 2016q3/bin/../lib/gcc/arm-none-eabi/5.4.1/../../../../arm-none-eabi/lib/armv7e-m\libg.a(lib_a-__call_atexit.o)
 .ARM.attributes
                0x00000190       0x2e c:/program files (x86)/gnu tools arm embedded/5.4 2016q3/bin/../lib/gcc/arm-none-eabi/5.4.1/../../../../arm-none-eabi/lib/armv7e-m\libg.a(lib_a-atexit.o)
 .ARM.attributes
                0x000001be       0x2e c:/program files (x86)/gnu tools arm embedded/5.4 2016q3/bin/../lib/gcc/arm-none-eabi/5.4.1/../../../../arm-none-eabi/lib/armv7e-m\libg.a(lib_a-fini.o)
 .ARM.attributes
                0x000001ec       0x2e c:/program files (x86)/gnu tools arm embedded/5.4 2016q3/bin/../lib/gcc/arm-none-eabi/5.4.1/../../../../arm-none-eabi/lib/armv7e-m\libg.a(lib_a-__atexit.o)
 .ARM.attributes
                0x0000021a       0x2e c:/program files (x86)/gnu tools arm embedded/5.4 2016q3/bin/../lib/gcc/arm-none-eabi/5.4.1/armv7e-m/crtend.o
 .ARM.attributes
                0x00000248       0x1e c:/program files (x86)/gnu tools arm embedded/5.4 2016q3/bin/../lib/gcc/arm-none-eabi/5.4.1/armv7e-m/crtn.o

.comment        0x00000000       0x6e
 .comment       0x00000000       0x6e ..\obj\stm32f4xx_hal_gpio.o
                                 0x6f (size before relaxing)
 .comment       0x0000006e       0x6f ..\obj\main.o
 .comment       0x0000006e       0x6f ..\obj\system_stm32f4xx.o

.debug_info     0x00000000      0xe0c
 .debug_info    0x00000000      0x6ec ..\obj\stm32f4xx_hal_gpio.o
 .debug_info    0x000006ec      0x18e ..\obj\main.o
 .debug_info    0x0000087a       0xce ..\obj\startup_stm32f407xx.o
 .debug_info    0x00000948      0x4c4 ..\obj\system_stm32f4xx.o

.debug_abbrev   0x00000000      0x363
 .debug_abbrev  0x00000000      0x1a1 ..\obj\stm32f4xx_hal_gpio.o
 .debug_abbrev  0x000001a1       0xb1 ..\obj\main.o
 .debug_abbrev  0x00000252       0x12 ..\obj\startup_stm32f407xx.o
 .debug_abbrev  0x00000264       0xff ..\obj\system_stm32f4xx.o

.debug_aranges  0x00000000       0x88
 .debug_aranges
                0x00000000       0x20 ..\obj\stm32f4xx_hal_gpio.o
 .debug_aranges
                0x00000020       0x20 ..\obj\main.o
 .debug_aranges
                0x00000040       0x28 ..\obj\startup_stm32f407xx.o
 .debug_aranges
                0x00000068       0x20 ..\obj\system_stm32f4xx.o

.debug_line     0x00000000      0x787
 .debug_line    0x00000000      0x358 ..\obj\stm32f4xx_hal_gpio.o
 .debug_line    0x00000358      0x1b5 ..\obj\main.o
 .debug_line    0x0000050d       0xd0 ..\obj\startup_stm32f407xx.o
 .debug_line    0x000005dd      0x1aa ..\obj\system_stm32f4xx.o

.debug_str      0x00000000      0x58f
 .debug_str     0x00000000      0x432 ..\obj\stm32f4xx_hal_gpio.o
                                0x4a7 (size before relaxing)
 .debug_str     0x00000432       0x36 ..\obj\main.o
                                0x1ac (size before relaxing)
 .debug_str     0x00000468      0x127 ..\obj\system_stm32f4xx.o
                                0x354 (size before relaxing)

.debug_frame    0x00000000      0x2d4
 .debug_frame   0x00000000      0x14c ..\obj\stm32f4xx_hal_gpio.o
 .debug_frame   0x0000014c       0x2c ..\obj\main.o
 .debug_frame   0x00000178       0x58 ..\obj\system_stm32f4xx.o
 .debug_frame   0x000001d0       0x2c c:/program files (x86)/gnu tools arm embedded/5.4 2016q3/bin/../lib/gcc/arm-none-eabi/5.4.1/../../../../arm-none-eabi/lib/armv7e-m\libg.a(lib_a-init.o)
 .debug_frame   0x000001fc       0x50 c:/program files (x86)/gnu tools arm embedded/5.4 2016q3/bin/../lib/gcc/arm-none-eabi/5.4.1/../../../../arm-none-eabi/lib/armv7e-m\libg.a(lib_a-__call_atexit.o)
 .debug_frame   0x0000024c       0x20 c:/program files (x86)/gnu tools arm embedded/5.4 2016q3/bin/../lib/gcc/arm-none-eabi/5.4.1/../../../../arm-none-eabi/lib/armv7e-m\libg.a(lib_a-atexit.o)
 .debug_frame   0x0000026c       0x34 c:/program files (x86)/gnu tools arm embedded/5.4 2016q3/bin/../lib/gcc/arm-none-eabi/5.4.1/../../../../arm-none-eabi/lib/armv7e-m\libg.a(lib_a-fini.o)
 .debug_frame   0x000002a0       0x34 c:/program files (x86)/gnu tools arm embedded/5.4 2016q3/bin/../lib/gcc/arm-none-eabi/5.4.1/../../../../arm-none-eabi/lib/armv7e-m\libg.a(lib_a-__atexit.o)

.debug_ranges   0x00000000       0x20
 .debug_ranges  0x00000000       0x20 ..\obj\startup_stm32f407xx.o
